---
source: src/ty/dwarf.rs
expression: buf
---
TypeSet (9 types) = {
  <TypeID(1v1)> = "point_init" func (p *point <TypeID(4v1)>) void <TypeID(2v1)>
  <TypeID(2v1)> = "void" void
  <TypeID(3v1)> = *point <TypeID(4v1)>
  <TypeID(4v1)> = "point" struct {
                      @  0 x float <TypeID(5v1)>
                      @  4 y float <TypeID(5v1)>
                      @  8 prev *point <TypeID(4v1)>
                      @ 16 next *point <TypeID(4v1)>
                  }
  <TypeID(5v1)> = "float" float32
  <TypeID(6v1)> = "join" func (a *point <TypeID(4v1)>,
                               b *point <TypeID(4v1)>) void <TypeID(7v1)>
  <TypeID(7v1)> = "void" void
  <TypeID(8v1)> = "list_len" func (p point <TypeID(4v1)>) int <TypeID(9v1)>
  <TypeID(9v1)> = "int" i32
}
0 non-fatal errors:
