---
source: decompiler/tests/test_tool.rs
expression: out
---
 --- mil
program  586 instrs
    0 r12 <- Ancestral { anc_name: AncestralName("stack_bottom"), ll_type: Bytes(8) }
    1 r3 <- Ancestral { anc_name: AncestralName("PF"), ll_type: Bool }
    2 r4 <- Ancestral { anc_name: AncestralName("AF"), ll_type: Bool }
    3 r5 <- Ancestral { anc_name: AncestralName("ZF"), ll_type: Bool }
    4 r6 <- Ancestral { anc_name: AncestralName("SF"), ll_type: Bool }
    5 r7 <- Ancestral { anc_name: AncestralName("TF"), ll_type: Bool }
    6 r8 <- Ancestral { anc_name: AncestralName("IF"), ll_type: Bool }
    7 r9 <- Ancestral { anc_name: AncestralName("DF"), ll_type: Bool }
    8 r10 <- Ancestral { anc_name: AncestralName("OF"), ll_type: Bool }
    9 r11 <- Ancestral { anc_name: AncestralName("RBP"), ll_type: Bytes(8) }
   10 r12 <- Ancestral { anc_name: AncestralName("RSP"), ll_type: Bytes(8) }
   11 r13 <- Ancestral { anc_name: AncestralName("RIP"), ll_type: Bytes(8) }
   12 r14 <- Ancestral { anc_name: AncestralName("RDI"), ll_type: Bytes(8) }
   13 r15 <- Ancestral { anc_name: AncestralName("RSI"), ll_type: Bytes(8) }
   14 r16 <- Ancestral { anc_name: AncestralName("RAX"), ll_type: Bytes(8) }
   15 r17 <- Ancestral { anc_name: AncestralName("RBX"), ll_type: Bytes(8) }
   16 r18 <- Ancestral { anc_name: AncestralName("RCX"), ll_type: Bytes(8) }
   17 r19 <- Ancestral { anc_name: AncestralName("RDX"), ll_type: Bytes(8) }
   18 r20 <- Ancestral { anc_name: AncestralName("R8"), ll_type: Bytes(8) }
   19 r21 <- Ancestral { anc_name: AncestralName("R9"), ll_type: Bytes(8) }
   20 r22 <- Ancestral { anc_name: AncestralName("R10"), ll_type: Bytes(8) }
   21 r23 <- Ancestral { anc_name: AncestralName("R11"), ll_type: Bytes(8) }
   22 r24 <- Ancestral { anc_name: AncestralName("R12"), ll_type: Bytes(8) }
   23 r25 <- Ancestral { anc_name: AncestralName("R13"), ll_type: Bytes(8) }
   24 r26 <- Ancestral { anc_name: AncestralName("R14"), ll_type: Bytes(8) }
   25 r27 <- Ancestral { anc_name: AncestralName("R15"), ll_type: Bytes(8) }
   26 r28 <- Ancestral { anc_name: AncestralName("ZMM0"), ll_type: Bytes(64) }
   27 r29 <- Ancestral { anc_name: AncestralName("ZMM1"), ll_type: Bytes(64) }
   28 r30 <- Ancestral { anc_name: AncestralName("ZMM2"), ll_type: Bytes(64) }
   29 r31 <- Ancestral { anc_name: AncestralName("ZMM3"), ll_type: Bytes(64) }
   30 r32 <- Ancestral { anc_name: AncestralName("ZMM4"), ll_type: Bytes(64) }
   31 r33 <- Ancestral { anc_name: AncestralName("ZMM5"), ll_type: Bytes(64) }
   32 r34 <- Ancestral { anc_name: AncestralName("ZMM6"), ll_type: Bytes(64) }
   33 r35 <- Ancestral { anc_name: AncestralName("ZMM7"), ll_type: Bytes(64) }
   34 r36 <- Ancestral { anc_name: AncestralName("ZMM8"), ll_type: Bytes(64) }
   35 r37 <- Ancestral { anc_name: AncestralName("ZMM9"), ll_type: Bytes(64) }
   36 r38 <- Ancestral { anc_name: AncestralName("ZMM10"), ll_type: Bytes(64) }
   37 r39 <- Ancestral { anc_name: AncestralName("ZMM11"), ll_type: Bytes(64) }
   38 r40 <- Ancestral { anc_name: AncestralName("ZMM12"), ll_type: Bytes(64) }
   39 r41 <- Ancestral { anc_name: AncestralName("ZMM13"), ll_type: Bytes(64) }
   40 r42 <- Ancestral { anc_name: AncestralName("ZMM14"), ll_type: Bytes(64) }
   41 r43 <- Ancestral { anc_name: AncestralName("ZMM15"), ll_type: Bytes(64) }
   42 r45 <- FuncArgument { index: 0, ll_type: Bytes(8) }
   43 r14 <- Get(r45)
   44 r46 <- FuncArgument { index: 1, ll_type: Bytes(8) }
   45 r15 <- Get(r46)
   46 r47 <- FuncArgument { index: 2, ll_type: Bytes(4) }
   47 r48 <- Widen { reg: r47, target_size: 8, sign: false }
   48 r19 <- Get(r48)
0x50b3e0:
   49 r12 <- ArithK(Add, r12, -8)
   50 r46 <- StoreMem { addr: r12, value: r11 }
0x50b3e1:
   51 r11 <- Get(r12)
0x50b3e4:
   52 r12 <- ArithK(Add, r12, -8)
   53 r46 <- StoreMem { addr: r12, value: r27 }
0x50b3e6:
   54 r12 <- ArithK(Add, r12, -8)
   55 r46 <- StoreMem { addr: r12, value: r26 }
0x50b3e8:
   56 r12 <- ArithK(Add, r12, -8)
   57 r46 <- StoreMem { addr: r12, value: r25 }
0x50b3ea:
   58 r25 <- Get(r15)
0x50b3ed:
   59 r12 <- ArithK(Add, r12, -8)
   60 r46 <- StoreMem { addr: r12, value: r24 }
0x50b3ef:
   61 r46 <- Part { src: r19, offset: 0, size: 4 }
   62 r46 <- Widen { reg: r46, target_size: 8, sign: false }
   63 r24 <- Get(r46)
0x50b3f2:
   64 r12 <- ArithK(Add, r12, -8)
   65 r46 <- StoreMem { addr: r12, value: r17 }
0x50b3f3:
   66 r17 <- Get(r14)
0x50b3f6:
   67 r46 <- Int { value: 1064, size: 8 }
   68 r12 <- Arith(Sub, r12, r46)
   69 r12 <- Get(r12)
   70 r10 <- OverflowOf(r12)
   71 r2 <- CarryOf(r12)
   72 r6 <- SignOf(r12)
   73 r5 <- IsZero(r12)
   74 r47 <- Part { src: r12, offset: 0, size: 1 }
   75 r3 <- Parity(r47)
0x50b3fd:
   76 r45 <- Int { value: 4201696, size: 8 }
   77 r47 <- Void
   78 r47 <- Get(r14)
   79 r46 <- Call { callee: r45, args: [r47], ret_ll_type: Bytes(8) }
   80 r2 <- UndefinedBool
   81 r3 <- UndefinedBool
   82 r4 <- UndefinedBool
   83 r5 <- UndefinedBool
   84 r6 <- UndefinedBool
   85 r7 <- UndefinedBool
   86 r8 <- UndefinedBool
   87 r9 <- UndefinedBool
   88 r10 <- UndefinedBool
   89 r16 <- Part { src: r46, offset: 0, size: 8 }
0x50b402:
   90 r45 <- Int { value: -1072, size: 8 }
   91 r45 <- Arith(Add, r45, r11)
   92 r14 <- Get(r45)
0x50b409:
   93 r19 <- Get(r17)
0x50b40c:
   94 r45 <- Int { value: 1024, size: 4 }
   95 r45 <- Widen { reg: r45, target_size: 8, sign: false }
   96 r15 <- Get(r45)
0x50b411:
   97 r46 <- Int { value: 7968376, size: 8 }
   98 r46 <- Arith(Add, r46, r13)
   99 r46 <- StoreMem { addr: r46, value: r16 }
0x50b418:
  100 r45 <- Int { value: 4201776, size: 8 }
  101 r47 <- Void
  102 r47 <- Get(r14)
  103 r48 <- Void
  104 r48 <- Get(r15)
  105 r48 <- Part { src: r48, offset: 0, size: 4 }
  106 r49 <- Void
  107 r49 <- Get(r19)
  108 r46 <- Call { callee: r45, args: [r47, r48, r49], ret_ll_type: Bytes(8) }
  109 r2 <- UndefinedBool
  110 r3 <- UndefinedBool
  111 r4 <- UndefinedBool
  112 r5 <- UndefinedBool
  113 r6 <- UndefinedBool
  114 r7 <- UndefinedBool
  115 r8 <- UndefinedBool
  116 r9 <- UndefinedBool
  117 r10 <- UndefinedBool
  118 r16 <- Part { src: r46, offset: 0, size: 8 }
0x50b41d:
  119 r16 <- Arith(BitAnd, r16, r16)
  120 r6 <- SignOf(r16)
  121 r5 <- IsZero(r16)
  122 r47 <- Part { src: r16, offset: 0, size: 1 }
  123 r3 <- Parity(r16)
  124 r2 <- False
  125 r10 <- False
0x50b420:
  126 r45 <- SetJumpCondition(r5)
  127 r45 <- Control(JmpExtIf(5289235))
0x50b426:
  128 r46 <- Int { value: 7967296, size: 8 }
  129 r46 <- Arith(Add, r46, r13)
  130 r45 <- LoadMem { addr: r46, size: 8 }
  131 r27 <- Get(r45)
0x50b42d:
  132 r45 <- Int { value: 1, size: 4 }
  133 r45 <- Widen { reg: r45, target_size: 8, sign: false }
  134 r26 <- Get(r45)
0x50b433:
  135 r27 <- Arith(BitAnd, r27, r27)
  136 r6 <- SignOf(r27)
  137 r5 <- IsZero(r27)
  138 r47 <- Part { src: r27, offset: 0, size: 1 }
  139 r3 <- Parity(r27)
  140 r2 <- False
  141 r10 <- False
0x50b436:
  142 r45 <- SetJumpCondition(r5)
  143 r45 <- Control(JmpExtIf(5289028))
0x50b438:
  144 r46 <- Int { value: -1072, size: 8 }
  145 r46 <- Arith(Add, r46, r11)
  146 r45 <- LoadMem { addr: r46, size: 4 }
  147 r47 <- Int { value: 978539555, size: 4 }
  148 r45 <- Arith(Sub, r45, r47)
  149 r10 <- OverflowOf(r45)
  150 r2 <- CarryOf(r45)
  151 r6 <- SignOf(r45)
  152 r5 <- IsZero(r45)
  153 r48 <- Part { src: r45, offset: 0, size: 1 }
  154 r3 <- Parity(r48)
0x50b442:
  155 r45 <- SetJumpCondition(r5)
  156 r45 <- Control(JmpExtIf(5289056))
0x50b444:
  157 r46 <- Int { value: 1064, size: 8 }
  158 r12 <- Arith(Add, r12, r46)
  159 r12 <- Get(r12)
  160 r10 <- OverflowOf(r12)
  161 r2 <- CarryOf(r12)
  162 r6 <- SignOf(r12)
  163 r5 <- IsZero(r12)
  164 r47 <- Part { src: r12, offset: 0, size: 1 }
  165 r3 <- Parity(r47)
0x50b44b:
  166 r46 <- Part { src: r26, offset: 0, size: 4 }
  167 r46 <- Widen { reg: r46, target_size: 8, sign: false }
  168 r16 <- Get(r46)
0x50b44e:
  169 r45 <- LoadMem { addr: r12, size: 8 }
  170 r17 <- Get(r45)
  171 r12 <- ArithK(Add, r12, 8)
0x50b44f:
  172 r45 <- LoadMem { addr: r12, size: 8 }
  173 r24 <- Get(r45)
  174 r12 <- ArithK(Add, r12, 8)
0x50b451:
  175 r45 <- LoadMem { addr: r12, size: 8 }
  176 r25 <- Get(r45)
  177 r12 <- ArithK(Add, r12, 8)
0x50b453:
  178 r45 <- LoadMem { addr: r12, size: 8 }
  179 r26 <- Get(r45)
  180 r12 <- ArithK(Add, r12, 8)
0x50b455:
  181 r45 <- LoadMem { addr: r12, size: 8 }
  182 r27 <- Get(r45)
  183 r12 <- ArithK(Add, r12, 8)
0x50b457:
  184 r45 <- LoadMem { addr: r12, size: 8 }
  185 r11 <- Get(r45)
  186 r12 <- ArithK(Add, r12, 8)
0x50b458:
  187 r45 <- Void
  188 r45 <- Concat { lo: r45, hi: r16 }
  189 r45 <- Part { src: r45, offset: 0, size: 4 }
  190 r47 <- SetReturnValue(r45)
  191 r47 <- Control(Ret)
0x50b460:
  192 r45 <- Int { value: 4198464, size: 8 }
  193 r46 <- Call { callee: r45, args: [], ret_ll_type: Bytes(8) }
  194 r2 <- UndefinedBool
  195 r3 <- UndefinedBool
  196 r4 <- UndefinedBool
  197 r5 <- UndefinedBool
  198 r6 <- UndefinedBool
  199 r7 <- UndefinedBool
  200 r8 <- UndefinedBool
  201 r9 <- UndefinedBool
  202 r10 <- UndefinedBool
  203 r16 <- Part { src: r46, offset: 0, size: 8 }
0x50b465:
  204 r45 <- Int { value: -1080, size: 8 }
  205 r45 <- Arith(Add, r45, r11)
  206 r15 <- Get(r45)
0x50b46c:
  207 r45 <- Int { value: 10, size: 4 }
  208 r45 <- Widen { reg: r45, target_size: 8, sign: false }
  209 r19 <- Get(r45)
0x50b471:
  210 r45 <- Int { value: -1068, size: 8 }
  211 r45 <- Arith(Add, r45, r11)
  212 r14 <- Get(r45)
0x50b478:
  213 r45 <- Int { value: 0, size: 4 }
  214 r46 <- Int { value: 0, size: 8 }
  215 r46 <- Arith(Add, r46, r16)
  216 r46 <- StoreMem { addr: r46, value: r45 }
0x50b47e:
  217 r26 <- Get(r16)
0x50b481:
  218 r45 <- Int { value: 4202480, size: 8 }
  219 r47 <- Void
  220 r47 <- Get(r14)
  221 r48 <- Void
  222 r48 <- Get(r15)
  223 r49 <- Void
  224 r49 <- Get(r19)
  225 r49 <- Part { src: r49, offset: 0, size: 4 }
  226 r46 <- Call { callee: r45, args: [r47, r48, r49], ret_ll_type: Bytes(8) }
  227 r2 <- UndefinedBool
  228 r3 <- UndefinedBool
  229 r4 <- UndefinedBool
  230 r5 <- UndefinedBool
  231 r6 <- UndefinedBool
  232 r7 <- UndefinedBool
  233 r8 <- UndefinedBool
  234 r9 <- UndefinedBool
  235 r10 <- UndefinedBool
  236 r16 <- Part { src: r46, offset: 0, size: 8 }
0x50b486:
  237 r46 <- Int { value: 0, size: 8 }
  238 r46 <- Arith(Add, r46, r26)
  239 r45 <- LoadMem { addr: r46, size: 4 }
  240 r45 <- Widen { reg: r45, target_size: 8, sign: false }
  241 r26 <- Get(r45)
0x50b489:
  242 r46 <- Part { src: r26, offset: 0, size: 4 }
  243 r48 <- Part { src: r26, offset: 0, size: 4 }
  244 r46 <- Arith(BitAnd, r46, r48)
  245 r6 <- SignOf(r46)
  246 r5 <- IsZero(r46)
  247 r49 <- Part { src: r46, offset: 0, size: 1 }
  248 r3 <- Parity(r46)
  249 r2 <- False
  250 r10 <- False
0x50b48c:
  251 r45 <- Not(r5)
  252 r46 <- SetJumpCondition(r45)
  253 r46 <- Control(JmpExtIf(5289258))
0x50b492:
  254 r46 <- Int { value: -1080, size: 8 }
  255 r46 <- Arith(Add, r46, r11)
  256 r45 <- LoadMem { addr: r46, size: 8 }
  257 r19 <- Get(r45)
0x50b499:
  258 r46 <- Int { value: 0, size: 8 }
  259 r46 <- Arith(Add, r46, r19)
  260 r45 <- LoadMem { addr: r46, size: 1 }
  261 r47 <- Int { value: 13, size: 1 }
  262 r45 <- Arith(Sub, r45, r47)
  263 r10 <- OverflowOf(r45)
  264 r2 <- CarryOf(r45)
  265 r6 <- SignOf(r45)
  266 r5 <- IsZero(r45)
  267 r48 <- Part { src: r45, offset: 0, size: 1 }
  268 r3 <- Parity(r48)
0x50b49c:
  269 r45 <- Not(r5)
  270 r46 <- SetJumpCondition(r45)
  271 r46 <- Control(JmpExtIf(5289258))
0x50b4a2:
  272 r27 <- Arith(Sub, r27, r16)
  273 r10 <- OverflowOf(r27)
  274 r2 <- CarryOf(r27)
  275 r6 <- SignOf(r27)
  276 r5 <- IsZero(r27)
  277 r47 <- Part { src: r27, offset: 0, size: 1 }
  278 r3 <- Parity(r47)
0x50b4a5:
  279 r45 <- Cmp(EQ, r6, r10)
  280 r46 <- SetJumpCondition(r45)
  281 r46 <- Control(JmpExtIf(5289224))
0x50b4a7:
  282 r46 <- Int { value: 7968376, size: 8 }
  283 r46 <- Arith(Add, r46, r13)
  284 r45 <- LoadMem { addr: r46, size: 8 }
  285 r15 <- Get(r45)
0x50b4ae:
  286 r15 <- Arith(BitAnd, r15, r15)
  287 r6 <- SignOf(r15)
  288 r5 <- IsZero(r15)
  289 r47 <- Part { src: r15, offset: 0, size: 1 }
  290 r3 <- Parity(r15)
  291 r2 <- False
  292 r10 <- False
0x50b4b1:
  293 r45 <- SetJumpCondition(r5)
  294 r45 <- Control(JmpExtIf(5289278))
0x50b4b7:
  295 r46 <- Part { src: r24, offset: 0, size: 4 }
  296 r48 <- Part { src: r24, offset: 0, size: 4 }
  297 r46 <- Arith(BitAnd, r46, r48)
  298 r6 <- SignOf(r46)
  299 r5 <- IsZero(r46)
  300 r49 <- Part { src: r46, offset: 0, size: 1 }
  301 r3 <- Parity(r46)
  302 r2 <- False
  303 r10 <- False
0x50b4ba:
  304 r45 <- SetJumpCondition(r5)
  305 r45 <- Control(JmpExtIf(5289306))
0x50b4c0:
  306 r14 <- Get(r17)
0x50b4c3:
  307 r46 <- Int { value: -1096, size: 8 }
  308 r46 <- Arith(Add, r46, r11)
  309 r46 <- StoreMem { addr: r46, value: r15 }
0x50b4ca:
  310 r45 <- Int { value: 4200480, size: 8 }
  311 r47 <- Void
  312 r47 <- Get(r14)
  313 r46 <- Call { callee: r45, args: [r47], ret_ll_type: Bytes(4) }
  314 r2 <- UndefinedBool
  315 r3 <- UndefinedBool
  316 r4 <- UndefinedBool
  317 r5 <- UndefinedBool
  318 r6 <- UndefinedBool
  319 r7 <- UndefinedBool
  320 r8 <- UndefinedBool
  321 r9 <- UndefinedBool
  322 r10 <- UndefinedBool
  323 r16 <- Part { src: r46, offset: 0, size: 8 }
0x50b4cf:
  324 r46 <- Int { value: -1096, size: 8 }
  325 r46 <- Arith(Add, r46, r11)
  326 r45 <- LoadMem { addr: r46, size: 8 }
  327 r15 <- Get(r45)
0x50b4d6:
  328 r46 <- Part { src: r16, offset: 0, size: 4 }
  329 r46 <- Widen { reg: r46, target_size: 8, sign: false }
  330 r14 <- Get(r46)
0x50b4d8:
  331 r45 <- Int { value: 4199184, size: 8 }
  332 r47 <- Void
  333 r47 <- Get(r14)
  334 r47 <- Part { src: r47, offset: 0, size: 4 }
  335 r48 <- Void
  336 r48 <- Get(r15)
  337 r46 <- Call { callee: r45, args: [r47, r48], ret_ll_type: Bytes(4) }
  338 r2 <- UndefinedBool
  339 r3 <- UndefinedBool
  340 r4 <- UndefinedBool
  341 r5 <- UndefinedBool
  342 r6 <- UndefinedBool
  343 r7 <- UndefinedBool
  344 r8 <- UndefinedBool
  345 r9 <- UndefinedBool
  346 r10 <- UndefinedBool
  347 r16 <- Part { src: r46, offset: 0, size: 8 }
0x50b4dd:
  348 r46 <- Part { src: r16, offset: 0, size: 4 }
  349 r47 <- Int { value: -1, size: 4 }
  350 r46 <- Arith(Sub, r46, r47)
  351 r10 <- OverflowOf(r46)
  352 r2 <- CarryOf(r46)
  353 r6 <- SignOf(r46)
  354 r5 <- IsZero(r46)
  355 r48 <- Part { src: r46, offset: 0, size: 1 }
  356 r3 <- Parity(r48)
0x50b4e0:
  357 r45 <- Not(r5)
  358 r46 <- SetJumpCondition(r45)
  359 r46 <- Control(JmpExtIf(5289028))
0x50b4e6:
  360 r45 <- Int { value: 7162352, size: 4 }
  361 r45 <- Widen { reg: r45, target_size: 8, sign: false }
  362 r14 <- Get(r45)
0x50b4eb:
  363 r19 <- Get(r27)
0x50b4ee:
  364 r15 <- Get(r25)
0x50b4f1:
  365 r46 <- Part { src: r16, offset: 0, size: 4 }
  366 r48 <- Part { src: r16, offset: 0, size: 4 }
  367 r46 <- Arith(BitXor, r46, r48)
  368 r46 <- Widen { reg: r46, target_size: 8, sign: false }
  369 r16 <- Get(r46)
  370 r10 <- False
  371 r2 <- False
  372 r6 <- SignOf(r46)
  373 r5 <- IsZero(r46)
  374 r49 <- Part { src: r46, offset: 0, size: 1 }
  375 r3 <- Parity(r49)
0x50b4f3:
  376 r45 <- Int { value: 4198480, size: 8 }
  377 r47 <- Void
  378 r47 <- Get(r14)
  379 r46 <- Call { callee: r45, args: [r47], ret_ll_type: Bytes(4) }
  380 r2 <- UndefinedBool
  381 r3 <- UndefinedBool
  382 r4 <- UndefinedBool
  383 r5 <- UndefinedBool
  384 r6 <- UndefinedBool
  385 r7 <- UndefinedBool
  386 r8 <- UndefinedBool
  387 r9 <- UndefinedBool
  388 r10 <- UndefinedBool
  389 r16 <- Part { src: r46, offset: 0, size: 8 }
0x50b4f8:
  390 r45 <- Int { value: 1, size: 4 }
  391 r45 <- Widen { reg: r45, target_size: 8, sign: false }
  392 r14 <- Get(r45)
0x50b4fd:
  393 r45 <- Int { value: 4200816, size: 8 }
  394 r47 <- Void
  395 r47 <- Get(r14)
  396 r47 <- Part { src: r47, offset: 0, size: 4 }
  397 r46 <- Call { callee: r45, args: [r47], ret_ll_type: Bytes(0) }
  398 r2 <- UndefinedBool
  399 r3 <- UndefinedBool
  400 r4 <- UndefinedBool
  401 r5 <- UndefinedBool
  402 r6 <- UndefinedBool
  403 r7 <- UndefinedBool
  404 r8 <- UndefinedBool
  405 r9 <- UndefinedBool
  406 r10 <- UndefinedBool
0x50b508:
  407 r45 <- Int { value: 1, size: 4 }
  408 r45 <- Widen { reg: r45, target_size: 8, sign: false }
  409 r26 <- Get(r45)
0x50b50e:
  410 r45 <- Control(JmpExt(5289028))
0x50b513:
  411 r45 <- Int { value: 7161960, size: 4 }
  412 r45 <- Widen { reg: r45, target_size: 8, sign: false }
  413 r14 <- Get(r45)
0x50b518:
  414 r15 <- Get(r25)
0x50b51b:
  415 r45 <- Int { value: 4198480, size: 8 }
  416 r47 <- Void
  417 r47 <- Get(r14)
  418 r46 <- Call { callee: r45, args: [r47], ret_ll_type: Bytes(4) }
  419 r2 <- UndefinedBool
  420 r3 <- UndefinedBool
  421 r4 <- UndefinedBool
  422 r5 <- UndefinedBool
  423 r6 <- UndefinedBool
  424 r7 <- UndefinedBool
  425 r8 <- UndefinedBool
  426 r9 <- UndefinedBool
  427 r10 <- UndefinedBool
  428 r16 <- Part { src: r46, offset: 0, size: 8 }
0x50b520:
  429 r45 <- Int { value: 1, size: 4 }
  430 r45 <- Widen { reg: r45, target_size: 8, sign: false }
  431 r14 <- Get(r45)
0x50b525:
  432 r45 <- Int { value: 4200816, size: 8 }
  433 r47 <- Void
  434 r47 <- Get(r14)
  435 r47 <- Part { src: r47, offset: 0, size: 4 }
  436 r46 <- Call { callee: r45, args: [r47], ret_ll_type: Bytes(0) }
  437 r2 <- UndefinedBool
  438 r3 <- UndefinedBool
  439 r4 <- UndefinedBool
  440 r5 <- UndefinedBool
  441 r6 <- UndefinedBool
  442 r7 <- UndefinedBool
  443 r8 <- UndefinedBool
  444 r9 <- UndefinedBool
  445 r10 <- UndefinedBool
0x50b52a:
  446 r45 <- Int { value: 6995992, size: 4 }
  447 r45 <- Widen { reg: r45, target_size: 8, sign: false }
  448 r14 <- Get(r45)
0x50b52f:
  449 r45 <- Int { value: 4201744, size: 8 }
  450 r46 <- Call { callee: r45, args: [], ret_ll_type: Bytes(0) }
  451 r2 <- UndefinedBool
  452 r3 <- UndefinedBool
  453 r4 <- UndefinedBool
  454 r5 <- UndefinedBool
  455 r6 <- UndefinedBool
  456 r7 <- UndefinedBool
  457 r8 <- UndefinedBool
  458 r9 <- UndefinedBool
  459 r10 <- UndefinedBool
0x50b534:
  460 r45 <- Int { value: 1, size: 4 }
  461 r45 <- Widen { reg: r45, target_size: 8, sign: false }
  462 r14 <- Get(r45)
0x50b539:
  463 r45 <- Int { value: 4200816, size: 8 }
  464 r47 <- Void
  465 r47 <- Get(r14)
  466 r47 <- Part { src: r47, offset: 0, size: 4 }
  467 r46 <- Call { callee: r45, args: [r47], ret_ll_type: Bytes(0) }
  468 r2 <- UndefinedBool
  469 r3 <- UndefinedBool
  470 r4 <- UndefinedBool
  471 r5 <- UndefinedBool
  472 r6 <- UndefinedBool
  473 r7 <- UndefinedBool
  474 r8 <- UndefinedBool
  475 r9 <- UndefinedBool
  476 r10 <- UndefinedBool
0x50b53e:
  477 r45 <- Int { value: 7162016, size: 4 }
  478 r45 <- Widen { reg: r45, target_size: 8, sign: false }
  479 r14 <- Get(r45)
0x50b543:
  480 r19 <- Get(r27)
0x50b546:
  481 r15 <- Get(r25)
0x50b549:
  482 r46 <- Part { src: r16, offset: 0, size: 4 }
  483 r48 <- Part { src: r16, offset: 0, size: 4 }
  484 r46 <- Arith(BitXor, r46, r48)
  485 r46 <- Widen { reg: r46, target_size: 8, sign: false }
  486 r16 <- Get(r46)
  487 r10 <- False
  488 r2 <- False
  489 r6 <- SignOf(r46)
  490 r5 <- IsZero(r46)
  491 r49 <- Part { src: r46, offset: 0, size: 1 }
  492 r3 <- Parity(r49)
0x50b54b:
  493 r45 <- Int { value: 4198480, size: 8 }
  494 r47 <- Void
  495 r47 <- Get(r14)
  496 r46 <- Call { callee: r45, args: [r47], ret_ll_type: Bytes(4) }
  497 r2 <- UndefinedBool
  498 r3 <- UndefinedBool
  499 r4 <- UndefinedBool
  500 r5 <- UndefinedBool
  501 r6 <- UndefinedBool
  502 r7 <- UndefinedBool
  503 r8 <- UndefinedBool
  504 r9 <- UndefinedBool
  505 r10 <- UndefinedBool
  506 r16 <- Part { src: r46, offset: 0, size: 8 }
0x50b550:
  507 r45 <- Int { value: 1, size: 4 }
  508 r45 <- Widen { reg: r45, target_size: 8, sign: false }
  509 r14 <- Get(r45)
0x50b555:
  510 r45 <- Int { value: 4200816, size: 8 }
  511 r47 <- Void
  512 r47 <- Get(r14)
  513 r47 <- Part { src: r47, offset: 0, size: 4 }
  514 r46 <- Call { callee: r45, args: [r47], ret_ll_type: Bytes(0) }
  515 r2 <- UndefinedBool
  516 r3 <- UndefinedBool
  517 r4 <- UndefinedBool
  518 r5 <- UndefinedBool
  519 r6 <- UndefinedBool
  520 r7 <- UndefinedBool
  521 r8 <- UndefinedBool
  522 r9 <- UndefinedBool
  523 r10 <- UndefinedBool
0x50b55a:
  524 r18 <- Get(r15)
0x50b55d:
  525 r19 <- Get(r27)
0x50b560:
  526 r15 <- Get(r25)
0x50b563:
  527 r45 <- Int { value: 7162072, size: 4 }
  528 r45 <- Widen { reg: r45, target_size: 8, sign: false }
  529 r14 <- Get(r45)
0x50b568:
  530 r46 <- Part { src: r16, offset: 0, size: 4 }
  531 r48 <- Part { src: r16, offset: 0, size: 4 }
  532 r46 <- Arith(BitXor, r46, r48)
  533 r46 <- Widen { reg: r46, target_size: 8, sign: false }
  534 r16 <- Get(r46)
  535 r10 <- False
  536 r2 <- False
  537 r6 <- SignOf(r46)
  538 r5 <- IsZero(r46)
  539 r49 <- Part { src: r46, offset: 0, size: 1 }
  540 r3 <- Parity(r49)
0x50b56a:
  541 r45 <- Int { value: 4198480, size: 8 }
  542 r47 <- Void
  543 r47 <- Get(r14)
  544 r46 <- Call { callee: r45, args: [r47], ret_ll_type: Bytes(4) }
  545 r2 <- UndefinedBool
  546 r3 <- UndefinedBool
  547 r4 <- UndefinedBool
  548 r5 <- UndefinedBool
  549 r6 <- UndefinedBool
  550 r7 <- UndefinedBool
  551 r8 <- UndefinedBool
  552 r9 <- UndefinedBool
  553 r10 <- UndefinedBool
  554 r16 <- Part { src: r46, offset: 0, size: 8 }
0x50b56f:
  555 r45 <- Int { value: 7162168, size: 4 }
  556 r45 <- Widen { reg: r45, target_size: 8, sign: false }
  557 r14 <- Get(r45)
0x50b574:
  558 r45 <- Int { value: 4201744, size: 8 }
  559 r46 <- Call { callee: r45, args: [], ret_ll_type: Bytes(0) }
  560 r2 <- UndefinedBool
  561 r3 <- UndefinedBool
  562 r4 <- UndefinedBool
  563 r5 <- UndefinedBool
  564 r6 <- UndefinedBool
  565 r7 <- UndefinedBool
  566 r8 <- UndefinedBool
  567 r9 <- UndefinedBool
  568 r10 <- UndefinedBool
0x50b579:
  569 r45 <- Int { value: 1, size: 4 }
  570 r45 <- Widen { reg: r45, target_size: 8, sign: false }
  571 r14 <- Get(r45)
0x50b57e:
  572 r45 <- Int { value: 4200816, size: 8 }
  573 r47 <- Void
  574 r47 <- Get(r14)
  575 r47 <- Part { src: r47, offset: 0, size: 4 }
  576 r46 <- Call { callee: r45, args: [r47], ret_ll_type: Bytes(0) }
  577 r2 <- UndefinedBool
  578 r3 <- UndefinedBool
  579 r4 <- UndefinedBool
  580 r5 <- UndefinedBool
  581 r6 <- UndefinedBool
  582 r7 <- UndefinedBool
  583 r8 <- UndefinedBool
  584 r9 <- UndefinedBool
  585 r10 <- UndefinedBool


 --- ssa pre-xform
ssa program  606 instrs
.B0:    ;;  → Conditional { pos: Block(BlockID(12)), neg: Block(BlockID(1)) }.
         r9: Bytes(8) <- Ancestral { anc_name: AncestralName("RBP"), ll_type: Bytes(8) }
         r10: Bytes(8) <- Ancestral { anc_name: AncestralName("RSP"), ll_type: Bytes(8) }
  (  3)  r11: Bytes(8) <- Ancestral { anc_name: AncestralName("RIP"), ll_type: Bytes(8) }
         r15: Bytes(8) <- Ancestral { anc_name: AncestralName("RBX"), ll_type: Bytes(8) }
         r22: Bytes(8) <- Ancestral { anc_name: AncestralName("R12"), ll_type: Bytes(8) }
         r23: Bytes(8) <- Ancestral { anc_name: AncestralName("R13"), ll_type: Bytes(8) }
         r24: Bytes(8) <- Ancestral { anc_name: AncestralName("R14"), ll_type: Bytes(8) }
         r25: Bytes(8) <- Ancestral { anc_name: AncestralName("R15"), ll_type: Bytes(8) }
  (  3)  r42: Bytes(8) <- FuncArgument { index: 0, ll_type: Bytes(8) }
         r46: Bytes(4) <- FuncArgument { index: 2, ll_type: Bytes(4) }
         r47: Bytes(8) <- Widen { reg: r46, target_size: 8, sign: false }
  (  9)  r49: Bytes(8) <- ArithK(Add, r10, -8)
         r50: Effect <- StoreMem { addr: r49, value: r9 }
  (  2)  r52: Bytes(8) <- ArithK(Add, r49, -8)
         r53: Effect <- StoreMem { addr: r52, value: r25 }
  (  2)  r54: Bytes(8) <- ArithK(Add, r52, -8)
         r55: Effect <- StoreMem { addr: r54, value: r24 }
  (  2)  r56: Bytes(8) <- ArithK(Add, r54, -8)
         r57: Effect <- StoreMem { addr: r56, value: r23 }
  (  2)  r59: Bytes(8) <- ArithK(Add, r56, -8)
         r60: Effect <- StoreMem { addr: r59, value: r22 }
         r61: Bytes(4) <- Part { src: r47, offset: 0, size: 4 }
  (  2)  r62: Bytes(8) <- Widen { reg: r61, target_size: 8, sign: false }
         r64: Bytes(8) <- ArithK(Add, r59, -8)
         r65: Effect <- StoreMem { addr: r64, value: r15 }
         r76: Bytes(8) <- Int { value: 4201696, size: 8 }
         r79: Bytes(8) <- Call { callee: r76, args: [r42], ret_ll_type: Bytes(8) }
         r89: Bytes(8) <- Part { src: r79, offset: 0, size: 8 }
         r90: Bytes(8) <- Int { value: -1072, size: 8 }
         r91: Bytes(8) <- Arith(Add, r90, r49)
         r94: Bytes(4) <- Int { value: 1024, size: 4 }
         r95: Bytes(8) <- Widen { reg: r94, target_size: 8, sign: false }
         r97: Bytes(8) <- Int { value: 7968376, size: 8 }
         r98: Bytes(8) <- Arith(Add, r97, r11)
         r99: Effect <- StoreMem { addr: r98, value: r89 }
         r100: Bytes(8) <- Int { value: 4201776, size: 8 }
         r105: Bytes(4) <- Part { src: r95, offset: 0, size: 4 }
         r108: Bytes(8) <- Call { callee: r100, args: [r91, r105, r42], ret_ll_type: Bytes(8) }
  (  2)  r118: Bytes(8) <- Part { src: r108, offset: 0, size: 8 }
         r119: Bytes(8) <- Arith(BitAnd, r118, r118)
         r121: Bool <- IsZero(r119)
         r126: Effect <- SetJumpCondition(r121)
.B1:    ;; preds:B0  → Conditional { pos: Block(BlockID(3)), neg: Block(BlockID(2)) }.
         r128: Bytes(8) <- Int { value: 7967296, size: 8 }
         r129: Bytes(8) <- Arith(Add, r128, r11)
  (  2)  r130: Bytes(8) <- LoadMem { addr: r129, size: 8 }
         r132: Bytes(4) <- Int { value: 1, size: 4 }
  (  2)  r133: Bytes(8) <- Widen { reg: r132, target_size: 8, sign: false }
  (  2)  r135: Bytes(8) <- Arith(BitAnd, r130, r130)
         r137: Bool <- IsZero(r135)
         r142: Effect <- SetJumpCondition(r137)
         r597: Effect <- Upsilon { value: r133, phi_ref: r586 }
.B2:    ;; preds:B1  → Conditional { pos: Block(BlockID(4)), neg: Block(BlockID(3)) }.
         r144: Bytes(8) <- Int { value: -1072, size: 8 }
         r145: Bytes(8) <- Arith(Add, r144, r49)
         r146: Bytes(4) <- LoadMem { addr: r145, size: 4 }
         r147: Bytes(4) <- Int { value: 978539555, size: 4 }
         r148: Bytes(4) <- Arith(Sub, r146, r147)
         r152: Bool <- IsZero(r148)
         r155: Effect <- SetJumpCondition(r152)
         r598: Effect <- Upsilon { value: r133, phi_ref: r586 }
.B4:    ;; preds:B2  → Conditional { pos: Block(BlockID(13)), neg: Block(BlockID(5)) }.
         r192: Bytes(8) <- Int { value: 4198464, size: 8 }
         r193: Bytes(8) <- Call { callee: r192, args: [], ret_ll_type: Bytes(8) }
  (  2)  r203: Bytes(8) <- Part { src: r193, offset: 0, size: 8 }
         r204: Bytes(8) <- Int { value: -1080, size: 8 }
         r205: Bytes(8) <- Arith(Add, r204, r49)
         r207: Bytes(4) <- Int { value: 10, size: 4 }
         r208: Bytes(8) <- Widen { reg: r207, target_size: 8, sign: false }
         r210: Bytes(8) <- Int { value: -1068, size: 8 }
         r211: Bytes(8) <- Arith(Add, r210, r49)
         r213: Bytes(4) <- Int { value: 0, size: 4 }
         r214: Bytes(8) <- Int { value: 0, size: 8 }
         r215: Bytes(8) <- Arith(Add, r214, r203)
         r216: Effect <- StoreMem { addr: r215, value: r213 }
         r218: Bytes(8) <- Int { value: 4202480, size: 8 }
         r225: Bytes(4) <- Part { src: r208, offset: 0, size: 4 }
         r226: Bytes(8) <- Call { callee: r218, args: [r211, r205, r225], ret_ll_type: Bytes(8) }
         r236: Bytes(8) <- Part { src: r226, offset: 0, size: 8 }
         r237: Bytes(8) <- Int { value: 0, size: 8 }
         r238: Bytes(8) <- Arith(Add, r237, r203)
         r239: Bytes(4) <- LoadMem { addr: r238, size: 4 }
  (  3)  r240: Bytes(8) <- Widen { reg: r239, target_size: 8, sign: false }
         r242: Bytes(4) <- Part { src: r240, offset: 0, size: 4 }
         r243: Bytes(4) <- Part { src: r240, offset: 0, size: 4 }
         r244: Bytes(4) <- Arith(BitAnd, r242, r243)
         r246: Bool <- IsZero(r244)
         r251: Bool <- Not(r246)
         r252: Effect <- SetJumpCondition(r251)
.B5:    ;; preds:B4  → Conditional { pos: Block(BlockID(13)), neg: Block(BlockID(6)) }.
         r254: Bytes(8) <- Int { value: -1080, size: 8 }
         r255: Bytes(8) <- Arith(Add, r254, r49)
         r256: Bytes(8) <- LoadMem { addr: r255, size: 8 }
         r258: Bytes(8) <- Int { value: 0, size: 8 }
         r259: Bytes(8) <- Arith(Add, r258, r256)
         r260: Bytes(1) <- LoadMem { addr: r259, size: 1 }
         r261: Bytes(1) <- Int { value: 13, size: 1 }
         r262: Bytes(1) <- Arith(Sub, r260, r261)
         r266: Bool <- IsZero(r262)
         r269: Bool <- Not(r266)
         r270: Effect <- SetJumpCondition(r269)
.B6:    ;; preds:B5  → Conditional { pos: Block(BlockID(11)), neg: Block(BlockID(7)) }.
  (  2)  r272: Bytes(8) <- Arith(Sub, r135, r236)
         r273: Bool <- OverflowOf(r272)
         r275: Bool <- SignOf(r272)
         r279: Bool <- Cmp(EQ, r275, r273)
         r280: Effect <- SetJumpCondition(r279)
.B7:    ;; preds:B6  → Conditional { pos: Block(BlockID(14)), neg: Block(BlockID(8)) }.
         r282: Bytes(8) <- Int { value: 7968376, size: 8 }
         r283: Bytes(8) <- Arith(Add, r282, r11)
  (  2)  r284: Bytes(8) <- LoadMem { addr: r283, size: 8 }
  (  2)  r286: Bytes(8) <- Arith(BitAnd, r284, r284)
         r288: Bool <- IsZero(r286)
         r293: Effect <- SetJumpCondition(r288)
.B8:    ;; preds:B7  → Conditional { pos: Block(BlockID(15)), neg: Block(BlockID(9)) }.
         r295: Bytes(4) <- Part { src: r62, offset: 0, size: 4 }
         r296: Bytes(4) <- Part { src: r62, offset: 0, size: 4 }
         r297: Bytes(4) <- Arith(BitAnd, r295, r296)
         r299: Bool <- IsZero(r297)
         r304: Effect <- SetJumpCondition(r299)
.B9:    ;; preds:B8  → Conditional { pos: Block(BlockID(3)), neg: Block(BlockID(10)) }.
         r307: Bytes(8) <- Int { value: -1096, size: 8 }
         r308: Bytes(8) <- Arith(Add, r307, r49)
         r309: Effect <- StoreMem { addr: r308, value: r286 }
         r310: Bytes(8) <- Int { value: 4200480, size: 8 }
         r313: Bytes(4) <- Call { callee: r310, args: [r42], ret_ll_type: Bytes(4) }
         r323: Bytes(8) <- Part { src: r313, offset: 0, size: 8 }
         r324: Bytes(8) <- Int { value: -1096, size: 8 }
         r325: Bytes(8) <- Arith(Add, r324, r49)
         r326: Bytes(8) <- LoadMem { addr: r325, size: 8 }
         r328: Bytes(4) <- Part { src: r323, offset: 0, size: 4 }
         r329: Bytes(8) <- Widen { reg: r328, target_size: 8, sign: false }
         r331: Bytes(8) <- Int { value: 4199184, size: 8 }
         r334: Bytes(4) <- Part { src: r329, offset: 0, size: 4 }
         r337: Bytes(4) <- Call { callee: r331, args: [r334, r326], ret_ll_type: Bytes(4) }
         r347: Bytes(8) <- Part { src: r337, offset: 0, size: 8 }
         r348: Bytes(4) <- Part { src: r347, offset: 0, size: 4 }
         r349: Bytes(4) <- Int { value: -1, size: 4 }
         r350: Bytes(4) <- Arith(Sub, r348, r349)
         r354: Bool <- IsZero(r350)
         r357: Bool <- Not(r354)
         r358: Effect <- SetJumpCondition(r357)
         r605: Effect <- Upsilon { value: r240, phi_ref: r586 }
.B10:    ;; preds:B9  → Always(Block(BlockID(11))).
         r360: Bytes(4) <- Int { value: 7162352, size: 4 }
         r361: Bytes(8) <- Widen { reg: r360, target_size: 8, sign: false }
         r376: Bytes(8) <- Int { value: 4198480, size: 8 }
         r379: Bytes(4) <- Call { callee: r376, args: [r361], ret_ll_type: Bytes(4) }
         r390: Bytes(4) <- Int { value: 1, size: 4 }
         r391: Bytes(8) <- Widen { reg: r390, target_size: 8, sign: false }
         r393: Bytes(8) <- Int { value: 4200816, size: 8 }
         r396: Bytes(4) <- Part { src: r391, offset: 0, size: 4 }
         r397: Bytes(0) <- Call { callee: r393, args: [r396], ret_ll_type: Bytes(0) }
.B11:    ;; preds:B6,B10  → Always(Block(BlockID(3))).
         r407: Bytes(4) <- Int { value: 1, size: 4 }
         r408: Bytes(8) <- Widen { reg: r407, target_size: 8, sign: false }
         r599: Effect <- Upsilon { value: r408, phi_ref: r586 }
.B3:    ;; preds:B1,B2,B9,B11  → Always(Return).
         r586: Bytes(8) <- Phi
         r166: Bytes(4) <- Part { src: r586, offset: 0, size: 4 }
         r167: Bytes(8) <- Widen { reg: r166, target_size: 8, sign: false }
         r188: Bytes(8) <- Concat { lo: r187, hi: r167 }
         r189: Bytes(4) <- Part { src: r188, offset: 0, size: 4 }
         r190: Effect <- SetReturnValue(r189)
.B12:    ;; preds:B0  → Always(Block(BlockID(13))).
         r411: Bytes(4) <- Int { value: 7161960, size: 4 }
         r412: Bytes(8) <- Widen { reg: r411, target_size: 8, sign: false }
         r415: Bytes(8) <- Int { value: 4198480, size: 8 }
         r418: Bytes(4) <- Call { callee: r415, args: [r412], ret_ll_type: Bytes(4) }
         r429: Bytes(4) <- Int { value: 1, size: 4 }
         r430: Bytes(8) <- Widen { reg: r429, target_size: 8, sign: false }
         r432: Bytes(8) <- Int { value: 4200816, size: 8 }
         r435: Bytes(4) <- Part { src: r430, offset: 0, size: 4 }
         r436: Bytes(0) <- Call { callee: r432, args: [r435], ret_ll_type: Bytes(0) }
.B13:    ;; preds:B4,B5,B12  → Always(Block(BlockID(14))).
         r449: Bytes(8) <- Int { value: 4201744, size: 8 }
         r450: Bytes(0) <- Call { callee: r449, args: [], ret_ll_type: Bytes(0) }
         r460: Bytes(4) <- Int { value: 1, size: 4 }
         r461: Bytes(8) <- Widen { reg: r460, target_size: 8, sign: false }
         r463: Bytes(8) <- Int { value: 4200816, size: 8 }
         r466: Bytes(4) <- Part { src: r461, offset: 0, size: 4 }
         r467: Bytes(0) <- Call { callee: r463, args: [r466], ret_ll_type: Bytes(0) }
.B14:    ;; preds:B7,B13  → Always(Block(BlockID(15))).
         r477: Bytes(4) <- Int { value: 7162016, size: 4 }
         r478: Bytes(8) <- Widen { reg: r477, target_size: 8, sign: false }
         r493: Bytes(8) <- Int { value: 4198480, size: 8 }
         r496: Bytes(4) <- Call { callee: r493, args: [r478], ret_ll_type: Bytes(4) }
         r507: Bytes(4) <- Int { value: 1, size: 4 }
         r508: Bytes(8) <- Widen { reg: r507, target_size: 8, sign: false }
         r510: Bytes(8) <- Int { value: 4200816, size: 8 }
         r513: Bytes(4) <- Part { src: r508, offset: 0, size: 4 }
         r514: Bytes(0) <- Call { callee: r510, args: [r513], ret_ll_type: Bytes(0) }
.B15:    ;; preds:B8,B14  → Always(Undefined).
         r527: Bytes(4) <- Int { value: 7162072, size: 4 }
         r528: Bytes(8) <- Widen { reg: r527, target_size: 8, sign: false }
         r541: Bytes(8) <- Int { value: 4198480, size: 8 }
         r544: Bytes(4) <- Call { callee: r541, args: [r528], ret_ll_type: Bytes(4) }
         r558: Bytes(8) <- Int { value: 4201744, size: 8 }
         r559: Bytes(0) <- Call { callee: r558, args: [], ret_ll_type: Bytes(0) }
         r569: Bytes(4) <- Int { value: 1, size: 4 }
         r570: Bytes(8) <- Widen { reg: r569, target_size: 8, sign: false }
         r572: Bytes(8) <- Int { value: 4200816, size: 8 }
         r575: Bytes(4) <- Part { src: r570, offset: 0, size: 4 }
         r576: Bytes(0) <- Call { callee: r572, args: [r575], ret_ll_type: Bytes(0) }


 --- cfg
  entry: BlockID(0)
  BlockID(0) -> Conditional { pos: Block(BlockID(12)), neg: Block(BlockID(1)) } [r9, r10, r11, r15, r22, r23, r24, r25, r42, r46, r49, r50, r52, r53, r54, r55, r56, r57, r59, r60, r64, r65, r76, r79, r91, r94, r98, r99, r100, r108, r121, r126]
  BlockID(1) -> Conditional { pos: Block(BlockID(3)), neg: Block(BlockID(2)) } [r129, r130, r133, r137, r142, r597]
  BlockID(2) -> Conditional { pos: Block(BlockID(4)), neg: Block(BlockID(3)) } [r145, r146, r148, r152, r155, r598]
  BlockID(3) -> Always(Return) [r586, r166, r190]
  BlockID(4) -> Conditional { pos: Block(BlockID(13)), neg: Block(BlockID(5)) } [r192, r193, r205, r207, r211, r213, r216, r218, r226, r608, r240, r246, r251, r252]
  BlockID(5) -> Conditional { pos: Block(BlockID(13)), neg: Block(BlockID(6)) } [r255, r256, r260, r262, r266, r269, r270]
  BlockID(6) -> Conditional { pos: Block(BlockID(11)), neg: Block(BlockID(7)) } [r272, r273, r275, r279, r280]
  BlockID(7) -> Conditional { pos: Block(BlockID(14)), neg: Block(BlockID(8)) } [r283, r284, r288, r293]
  BlockID(8) -> Conditional { pos: Block(BlockID(15)), neg: Block(BlockID(9)) } [r299, r304]
  BlockID(9) -> Conditional { pos: Block(BlockID(3)), neg: Block(BlockID(10)) } [r308, r309, r310, r313, r331, r337, r350, r354, r357, r358, r605]
  BlockID(10) -> Always(Block(BlockID(11))) [r361, r376, r379, r390, r393, r397]
  BlockID(11) -> Always(Block(BlockID(3))) [r408, r599]
  BlockID(12) -> Always(Block(BlockID(13))) [r412, r415, r418, r429, r432, r436]
  BlockID(13) -> Always(Block(BlockID(14))) [r449, r450, r460, r463, r467]
  BlockID(14) -> Always(Block(BlockID(15))) [r478, r493, r496, r507, r510, r514]
  BlockID(15) -> Always(Undefined) [r528, r541, r544, r558, r559, r569, r572, r576]
  domtree:
    BlockID(0)
|  BlockID(1)
|  |  BlockID(2)
|  |  |  BlockID(4)
|  |  |  |  BlockID(5)
|  |  |  |  |  BlockID(6)
|  |  |  |  |  |  BlockID(7)
|  |  |  |  |  |  |  BlockID(8)
|  |  |  |  |  |  |  |  BlockID(9)
|  |  |  |  |  |  |  |  |  BlockID(10)
|  |  |  |  |  |  BlockID(11)
|  |  BlockID(3)
|  BlockID(12)
|  BlockID(13)
|  BlockID(14)
|  BlockID(15)

 --- ssa
ssa program  614 instrs
.B0:    ;;  → Conditional { pos: Block(BlockID(12)), neg: Block(BlockID(1)) }.
         r9: Bytes(8) <- Ancestral { anc_name: AncestralName("RBP"), ll_type: Bytes(8) }
  ( 12)  r10: Bytes(8) <- Ancestral { anc_name: AncestralName("RSP"), ll_type: Bytes(8) }
  (  3)  r11: Bytes(8) <- Ancestral { anc_name: AncestralName("RIP"), ll_type: Bytes(8) }
         r15: Bytes(8) <- Ancestral { anc_name: AncestralName("RBX"), ll_type: Bytes(8) }
         r22: Bytes(8) <- Ancestral { anc_name: AncestralName("R12"), ll_type: Bytes(8) }
         r23: Bytes(8) <- Ancestral { anc_name: AncestralName("R13"), ll_type: Bytes(8) }
         r24: Bytes(8) <- Ancestral { anc_name: AncestralName("R14"), ll_type: Bytes(8) }
         r25: Bytes(8) <- Ancestral { anc_name: AncestralName("R15"), ll_type: Bytes(8) }
  (  3)  r42: Bytes(8) <- FuncArgument { index: 0, ll_type: Bytes(8) }
         r46: Bytes(4) <- FuncArgument { index: 2, ll_type: Bytes(4) }
         r49: Bytes(8) <- ArithK(Add, r10, -8)
         r50: Effect <- StoreMem { addr: r49, value: r9 }
         r52: Bytes(8) <- ArithK(Add, r10, -16)
         r53: Effect <- StoreMem { addr: r52, value: r25 }
         r54: Bytes(8) <- ArithK(Add, r10, -24)
         r55: Effect <- StoreMem { addr: r54, value: r24 }
         r56: Bytes(8) <- ArithK(Add, r10, -32)
         r57: Effect <- StoreMem { addr: r56, value: r23 }
         r59: Bytes(8) <- ArithK(Add, r10, -40)
         r60: Effect <- StoreMem { addr: r59, value: r22 }
         r64: Bytes(8) <- ArithK(Add, r10, -48)
         r65: Effect <- StoreMem { addr: r64, value: r15 }
         r76: Bytes(8) <- Global("ftello")
         r79: Bytes(8) <- Call { callee: r76, args: [r42], ret_ll_type: Bytes(8) }
         r91: Bytes(8) <- ArithK(Add, r10, -1080)
         r94: Bytes(4) <- Int { value: 1024, size: 4 }
         r98: Bytes(8) <- ArithK(Add, r11, 7968376)
         r99: Effect <- StoreMem { addr: r98, value: r79 }
         r100: Bytes(8) <- Global("fgets")
         r108: Bytes(8) <- Call { callee: r100, args: [r91, r94, r42], ret_ll_type: Bytes(8) }
         r121: Bool <- IsZero(r108)
         r126: Effect <- SetJumpCondition(r121)
.B1:    ;; preds:B0  → Conditional { pos: Block(BlockID(3)), neg: Block(BlockID(2)) }.
         r129: Bytes(8) <- ArithK(Add, r11, 7967296)
  (  2)  r130: Bytes(8) <- LoadMem { addr: r129, size: 8 }
  (  2)  r133: Bytes(8) <- Int { value: 1, size: 8 }
         r137: Bool <- IsZero(r130)
         r142: Effect <- SetJumpCondition(r137)
         r597: Effect <- Upsilon { value: r133, phi_ref: r586 }
.B2:    ;; preds:B1  → Conditional { pos: Block(BlockID(4)), neg: Block(BlockID(3)) }.
         r145: Bytes(8) <- ArithK(Add, r10, -1080)
         r146: Bytes(4) <- LoadMem { addr: r145, size: 4 }
         r148: Bytes(4) <- ArithK(Add, r146, -978539555)
         r152: Bool <- IsZero(r148)
         r155: Effect <- SetJumpCondition(r152)
         r598: Effect <- Upsilon { value: r133, phi_ref: r586 }
.B4:    ;; preds:B2  → Conditional { pos: Block(BlockID(13)), neg: Block(BlockID(5)) }.
         r192: Bytes(8) <- Global("__errno_location")
  (  2)  r193: Bytes(8) <- Call { callee: r192, args: [], ret_ll_type: Bytes(8) }
         r205: Bytes(8) <- ArithK(Add, r10, -1088)
         r207: Bytes(4) <- Int { value: 10, size: 4 }
         r211: Bytes(8) <- ArithK(Add, r10, -1076)
         r213: Bytes(4) <- Int { value: 0, size: 4 }
         r216: Effect <- StoreMem { addr: r193, value: r213 }
         r218: Bytes(8) <- Global("strtol")
         r226: Bytes(8) <- Call { callee: r218, args: [r211, r205, r207], ret_ll_type: Bytes(8) }
  (  2)  r608: Bytes(4) <- LoadMem { addr: r193, size: 4 }
         r240: Bytes(8) <- Widen { reg: r608, target_size: 8, sign: false }
         r246: Bool <- IsZero(r608)
         r251: Bool <- Not(r246)
         r252: Effect <- SetJumpCondition(r251)
.B5:    ;; preds:B4  → Conditional { pos: Block(BlockID(13)), neg: Block(BlockID(6)) }.
         r255: Bytes(8) <- ArithK(Add, r10, -1088)
         r256: Bytes(8) <- LoadMem { addr: r255, size: 8 }
         r260: Bytes(1) <- LoadMem { addr: r256, size: 1 }
         r262: Bytes(1) <- ArithK(Add, r260, -13)
         r266: Bool <- IsZero(r262)
         r269: Bool <- Not(r266)
         r270: Effect <- SetJumpCondition(r269)
.B6:    ;; preds:B5  → Conditional { pos: Block(BlockID(11)), neg: Block(BlockID(7)) }.
  (  2)  r272: Bytes(8) <- Arith(Sub, r130, r226)
         r273: Bool <- OverflowOf(r272)
         r275: Bool <- SignOf(r272)
         r279: Bool <- Cmp(EQ, r275, r273)
         r280: Effect <- SetJumpCondition(r279)
.B7:    ;; preds:B6  → Conditional { pos: Block(BlockID(14)), neg: Block(BlockID(8)) }.
         r283: Bytes(8) <- ArithK(Add, r11, 7968376)
  (  3)  r284: Bytes(8) <- LoadMem { addr: r283, size: 8 }
         r288: Bool <- IsZero(r284)
         r293: Effect <- SetJumpCondition(r288)
.B8:    ;; preds:B7  → Conditional { pos: Block(BlockID(15)), neg: Block(BlockID(9)) }.
         r299: Bool <- IsZero(r46)
         r304: Effect <- SetJumpCondition(r299)
.B9:    ;; preds:B8  → Conditional { pos: Block(BlockID(3)), neg: Block(BlockID(10)) }.
         r308: Bytes(8) <- ArithK(Add, r10, -1104)
         r309: Effect <- StoreMem { addr: r308, value: r284 }
         r310: Bytes(8) <- Global("fileno")
         r313: Bytes(4) <- Call { callee: r310, args: [r42], ret_ll_type: Bytes(4) }
         r331: Bytes(8) <- Global("ftruncate")
         r337: Bytes(4) <- Call { callee: r331, args: [r313, r284], ret_ll_type: Bytes(4) }
         r350: Bytes(4) <- ArithK(Add, r337, 1)
         r354: Bool <- IsZero(r350)
         r357: Bool <- Not(r354)
         r358: Effect <- SetJumpCondition(r357)
         r605: Effect <- Upsilon { value: r240, phi_ref: r586 }
.B10:    ;; preds:B9  → Always(Block(BlockID(11))).
         r361: Bytes(8) <- Int { value: 7162352, size: 8 }
         r376: Bytes(8) <- Global("printf")
         r379: Bytes(4) <- Call { callee: r376, args: [r361], ret_ll_type: Bytes(4) }
         r390: Bytes(4) <- Int { value: 1, size: 4 }
         r393: Bytes(8) <- Global("exit")
         r397: Bytes(0) <- Call { callee: r393, args: [r390], ret_ll_type: Bytes(0) }
.B11:    ;; preds:B6,B10  → Always(Block(BlockID(3))).
         r408: Bytes(8) <- Int { value: 1, size: 8 }
         r599: Effect <- Upsilon { value: r408, phi_ref: r586 }
.B3:    ;; preds:B1,B2,B9,B11  → Always(Return).
         r586: Bytes(8) <- Phi
         r166: Bytes(4) <- Part { src: r586, offset: 0, size: 4 }
         r190: Effect <- SetReturnValue(r166)
.B12:    ;; preds:B0  → Always(Block(BlockID(13))).
         r412: Bytes(8) <- Int { value: 7161960, size: 8 }
         r415: Bytes(8) <- Global("printf")
         r418: Bytes(4) <- Call { callee: r415, args: [r412], ret_ll_type: Bytes(4) }
         r429: Bytes(4) <- Int { value: 1, size: 4 }
         r432: Bytes(8) <- Global("exit")
         r436: Bytes(0) <- Call { callee: r432, args: [r429], ret_ll_type: Bytes(0) }
.B13:    ;; preds:B4,B5,B12  → Always(Block(BlockID(14))).
         r449: Bytes(8) <- Global("__builtin_puts")
         r450: Bytes(0) <- Call { callee: r449, args: [], ret_ll_type: Bytes(0) }
         r460: Bytes(4) <- Int { value: 1, size: 4 }
         r463: Bytes(8) <- Global("exit")
         r467: Bytes(0) <- Call { callee: r463, args: [r460], ret_ll_type: Bytes(0) }
.B14:    ;; preds:B7,B13  → Always(Block(BlockID(15))).
         r478: Bytes(8) <- Int { value: 7162016, size: 8 }
         r493: Bytes(8) <- Global("printf")
         r496: Bytes(4) <- Call { callee: r493, args: [r478], ret_ll_type: Bytes(4) }
         r507: Bytes(4) <- Int { value: 1, size: 4 }
         r510: Bytes(8) <- Global("exit")
         r514: Bytes(0) <- Call { callee: r510, args: [r507], ret_ll_type: Bytes(0) }
.B15:    ;; preds:B8,B14  → Always(Undefined).
         r528: Bytes(8) <- Int { value: 7162072, size: 8 }
         r541: Bytes(8) <- Global("printf")
         r544: Bytes(4) <- Call { callee: r541, args: [r528], ret_ll_type: Bytes(4) }
         r558: Bytes(8) <- Global("__builtin_puts")
         r559: Bytes(0) <- Call { callee: r558, args: [], ret_ll_type: Bytes(0) }
         r569: Bytes(4) <- Int { value: 1, size: 4 }
         r572: Bytes(8) <- Global("exit")
         r576: Bytes(0) <- Call { callee: r572, args: [r569], ret_ll_type: Bytes(0) }


 --- ast
# block order: B0, B1, B2, B4, B5, B6, B7, B8, B9, B10, B11, B3, B12, B13, B14, B15
let r42 = FuncArgument 0 Bytes(8);
StoreMem (ArithK Add (Ancestral AncestralName("RSP") Bytes(8)) -8) (Ancestral AncestralName("RBP") Bytes(8));
StoreMem (ArithK Add (Ancestral AncestralName("RSP") Bytes(8)) -16) (Ancestral AncestralName("R15") Bytes(8));
StoreMem (ArithK Add (Ancestral AncestralName("RSP") Bytes(8)) -24) (Ancestral AncestralName("R14") Bytes(8));
StoreMem (ArithK Add (Ancestral AncestralName("RSP") Bytes(8)) -32) (Ancestral AncestralName("R13") Bytes(8));
StoreMem (ArithK Add (Ancestral AncestralName("RSP") Bytes(8)) -40) (Ancestral AncestralName("R12") Bytes(8));
StoreMem (ArithK Add (Ancestral AncestralName("RSP") Bytes(8)) -48) (Ancestral AncestralName("RBX") Bytes(8));
Call (Global "ftello") [r42] Bytes(8);
StoreMem (ArithK Add (Ancestral AncestralName("RIP") Bytes(8)) 7968376) (Call (Global "ftello") [r42] Bytes(8));
Call (Global "fgets") [ArithK Add (Ancestral AncestralName("RSP") Bytes(8)) -1080, Int 1024 4, r42] Bytes(8);
if IsZero (Call (Global "fgets") [ArithK Add (Ancestral AncestralName("RSP") Bytes(8)) -1080, Int 1024 4, r42] Bytes(8))
  then  jump .B12;
let r130 = LoadMem (ArithK Add (Ancestral AncestralName("RIP") Bytes(8)) 7967296) 8;
Upsilon (Int 1 8) r586;
if IsZero r130
  then  jump .B3;
Upsilon (Int 1 8) r586;
if IsZero (ArithK Add (LoadMem (ArithK Add (Ancestral AncestralName("RSP") Bytes(8)) -1080) 4) -978539555)
  then  let r193 = Call (Global "__errno_location") [] Bytes(8);
        StoreMem r193 (Int 0 4);
        Call (Global "strtol") [ArithK Add (Ancestral AncestralName("RSP") Bytes(8)) -1076, ArithK Add (Ancestral AncestralName("RSP") Bytes(8)) -1088, Int 10 4] Bytes(8);
        let r608 = LoadMem r193 4;
        if Not (IsZero r608)
          then  jump .B13;
        if Not (IsZero (ArithK Add (LoadMem (LoadMem (ArithK Add (Ancestral AncestralName("RSP") Bytes(8)) -1088) 8) 1) -13))
          then  jump .B13;
        let r272 = Arith Sub r130 (Call (Global "strtol") [ArithK Add (Ancestral AncestralName("RSP") Bytes(8)) -1076, ArithK Add (Ancestral AncestralName("RSP") Bytes(8)) -1088, Int 10 4] Bytes(8));
        if Cmp EQ (SignOf r272) (OverflowOf r272)
          then  pass
          else  let r284 = LoadMem (ArithK Add (Ancestral AncestralName("RIP") Bytes(8)) 7968376) 8;
                if IsZero r284
                  then  jump .B14;
                if IsZero (FuncArgument 2 Bytes(4))
                  then  jump .B15;
                StoreMem (ArithK Add (Ancestral AncestralName("RSP") Bytes(8)) -1104) r284;
                Call (Global "fileno") [r42] Bytes(4);
                Call (Global "ftruncate") [Call (Global "fileno") [r42] Bytes(4), r284] Bytes(4);
                Upsilon (Widen r608 8 false) r586;
                if Not (IsZero (ArithK Add (Call (Global "ftruncate") [Call (Global "fileno") [r42] Bytes(4), r284] Bytes(4)) 1))
                  then  jump .B3;
                Call (Global "printf") [Int 7162352 8] Bytes(4);
                Call (Global "exit") [Int 1 4] Bytes(0)
  else  jump .B3;
Upsilon (Int 1 8) r586;
.B3: {
  r586: phi;
  return Part r586 0 4
};
.B12: {
  Call (Global "printf") [Int 7161960 8] Bytes(4);
  Call (Global "exit") [Int 1 4] Bytes(0)
};
.B13: {
  Call (Global "__builtin_puts") [] Bytes(0);
  Call (Global "exit") [Int 1 4] Bytes(0)
};
.B14: {
  Call (Global "printf") [Int 7162016 8] Bytes(4);
  Call (Global "exit") [Int 1 4] Bytes(0)
};
.B15: {
  Call (Global "printf") [Int 7162072 8] Bytes(4);
  Call (Global "__builtin_puts") [] Bytes(0);
  Call (Global "exit") [Int 1 4] Bytes(0);
  jump_undefined
}
