---
source: decompiler/tests/test_tool.rs
expression: out
---
 --- mil
program  569 instrs
    0 r12: UnknownUnsized <- Ancestral(AncestralName("stack_bottom"))
    1 r2: UnknownUnsized <- Ancestral(AncestralName("CF"))
    2 r3: UnknownUnsized <- Ancestral(AncestralName("PF"))
    3 r4: UnknownUnsized <- Ancestral(AncestralName("AF"))
    4 r5: UnknownUnsized <- Ancestral(AncestralName("ZF"))
    5 r6: UnknownUnsized <- Ancestral(AncestralName("SF"))
    6 r7: UnknownUnsized <- Ancestral(AncestralName("TF"))
    7 r8: UnknownUnsized <- Ancestral(AncestralName("IF"))
    8 r9: UnknownUnsized <- Ancestral(AncestralName("DF"))
    9 r10: UnknownUnsized <- Ancestral(AncestralName("OF"))
   10 r11: UnknownUnsized <- Ancestral(AncestralName("RBP"))
   11 r12: UnknownUnsized <- Ancestral(AncestralName("RSP"))
   12 r13: UnknownUnsized <- Ancestral(AncestralName("RIP"))
   13 r14: UnknownUnsized <- Ancestral(AncestralName("RDI"))
   14 r15: UnknownUnsized <- Ancestral(AncestralName("RSI"))
   15 r16: UnknownUnsized <- Ancestral(AncestralName("RAX"))
   16 r17: UnknownUnsized <- Ancestral(AncestralName("RBX"))
   17 r18: UnknownUnsized <- Ancestral(AncestralName("RCX"))
   18 r19: UnknownUnsized <- Ancestral(AncestralName("RDX"))
   19 r20: UnknownUnsized <- Ancestral(AncestralName("R8"))
   20 r21: UnknownUnsized <- Ancestral(AncestralName("R9"))
   21 r22: UnknownUnsized <- Ancestral(AncestralName("R10"))
   22 r23: UnknownUnsized <- Ancestral(AncestralName("R11"))
   23 r24: UnknownUnsized <- Ancestral(AncestralName("R12"))
   24 r25: UnknownUnsized <- Ancestral(AncestralName("R13"))
   25 r26: UnknownUnsized <- Ancestral(AncestralName("R14"))
   26 r27: UnknownUnsized <- Ancestral(AncestralName("R15"))
   27 r28: UnknownUnsized <- Ancestral(AncestralName("ZMM0"))
   28 r29: UnknownUnsized <- Ancestral(AncestralName("ZMM1"))
   29 r30: UnknownUnsized <- Ancestral(AncestralName("ZMM2"))
   30 r31: UnknownUnsized <- Ancestral(AncestralName("ZMM3"))
   31 r32: UnknownUnsized <- Ancestral(AncestralName("ZMM4"))
   32 r33: UnknownUnsized <- Ancestral(AncestralName("ZMM5"))
   33 r34: UnknownUnsized <- Ancestral(AncestralName("ZMM6"))
   34 r35: UnknownUnsized <- Ancestral(AncestralName("ZMM7"))
   35 r36: UnknownUnsized <- Ancestral(AncestralName("ZMM8"))
   36 r37: UnknownUnsized <- Ancestral(AncestralName("ZMM9"))
   37 r38: UnknownUnsized <- Ancestral(AncestralName("ZMM10"))
   38 r39: UnknownUnsized <- Ancestral(AncestralName("ZMM11"))
   39 r40: UnknownUnsized <- Ancestral(AncestralName("ZMM12"))
   40 r41: UnknownUnsized <- Ancestral(AncestralName("ZMM13"))
   41 r42: UnknownUnsized <- Ancestral(AncestralName("ZMM14"))
   42 r43: UnknownUnsized <- Ancestral(AncestralName("ZMM15"))
   43 r45: UnknownUnsized <- Ancestral(AncestralName("arg0"))
   44 r14: UnknownUnsized <- Get(r45)
0x595020:
   45 r12: UnknownUnsized <- ArithK(Add, r12, -8)
   46 r46: UnknownUnsized <- StoreMem { addr: r12, value: r11 }
0x595021:
   47 r45: UnknownUnsized <- Const { value: 12, size: 8 }
   48 r45: UnknownUnsized <- Arith(Add, r45, r14)
   49 r11: UnknownUnsized <- Get(r45)
0x595025:
   50 r12: UnknownUnsized <- ArithK(Add, r12, -8)
   51 r46: UnknownUnsized <- StoreMem { addr: r12, value: r17 }
0x595026:
   52 r17: UnknownUnsized <- Get(r14)
0x595029:
   53 r46: UnknownUnsized <- Const { value: 8, size: 8 }
   54 r12: UnknownUnsized <- Arith(Sub, r12, r46)
   55 r12: UnknownUnsized <- Get(r12)
   56 r10: UnknownUnsized <- OverflowOf(r12)
   57 r2: UnknownUnsized <- CarryOf(r12)
   58 r6: UnknownUnsized <- SignOf(r12)
   59 r5: UnknownUnsized <- IsZero(r12)
   60 r47: UnknownUnsized <- Part { src: r12, offset: 0, size: 1 }
   61 r3: UnknownUnsized <- Parity(r47)
0x59502d:
   62 r45: UnknownUnsized <- Const { value: 0, size: 4 }
   63 r46: UnknownUnsized <- Const { value: 8, size: 8 }
   64 r46: UnknownUnsized <- Arith(Add, r46, r14)
   65 r46: UnknownUnsized <- StoreMem { addr: r46, value: r45 }
0x595034:
   66 r14: UnknownUnsized <- Get(r11)
0x595037:
   67 r45: Regular(3673921) <- Const { value: 4199136, size: 8 }
   68 r47: UnknownUnsized <- Void
   69 r47: UnknownUnsized <- Get(r14)
   70 r46: UnknownUnsized <- CArg { value: r47, next_arg: None }
   71 r46: UnknownUnsized <- Call { callee: r45, first_arg: Some(r46) }
   72 r2: UnknownUnsized <- UndefinedBool
   73 r3: UnknownUnsized <- UndefinedBool
   74 r4: UnknownUnsized <- UndefinedBool
   75 r5: UnknownUnsized <- UndefinedBool
   76 r6: UnknownUnsized <- UndefinedBool
   77 r7: UnknownUnsized <- UndefinedBool
   78 r8: UnknownUnsized <- UndefinedBool
   79 r9: UnknownUnsized <- UndefinedBool
   80 r10: UnknownUnsized <- UndefinedBool
   81 r16: UnknownUnsized <- Part { src: r46, offset: 0, size: 8 }
0x59503c:
   82 r14: UnknownUnsized <- Get(r11)
0x59503f:
   83 r46: UnknownUnsized <- Part { src: r15, offset: 0, size: 4 }
   84 r48: UnknownUnsized <- Part { src: r15, offset: 0, size: 4 }
   85 r46: UnknownUnsized <- Arith(BitXor, r46, r48)
   86 r49: UnknownUnsized <- Part { src: r15, offset: 4, size: 4 }
   87 r15: UnknownUnsized <- Concat { lo: r46, hi: r49 }
   88 r10: UnknownUnsized <- False
   89 r2: UnknownUnsized <- False
   90 r6: UnknownUnsized <- SignOf(r46)
   91 r5: UnknownUnsized <- IsZero(r46)
   92 r50: UnknownUnsized <- Part { src: r46, offset: 0, size: 1 }
   93 r3: UnknownUnsized <- Parity(r50)
0x595041:
   94 r19: UnknownUnsized <- Get(r16)
0x595044:
   95 r45: Regular(3688039) <- Const { value: 4199488, size: 8 }
   96 r46: UnknownUnsized <- Call { callee: r45, first_arg: None }
   97 r2: UnknownUnsized <- UndefinedBool
   98 r3: UnknownUnsized <- UndefinedBool
   99 r4: UnknownUnsized <- UndefinedBool
  100 r5: UnknownUnsized <- UndefinedBool
  101 r6: UnknownUnsized <- UndefinedBool
  102 r7: UnknownUnsized <- UndefinedBool
  103 r8: UnknownUnsized <- UndefinedBool
  104 r9: UnknownUnsized <- UndefinedBool
  105 r10: UnknownUnsized <- UndefinedBool
0x595049:
  106 r46: UnknownUnsized <- Const { value: 256, size: 8 }
  107 r46: UnknownUnsized <- Arith(Add, r46, r17)
  108 r45: UnknownUnsized <- LoadMem { addr: r46, size: 8 }
  109 r14: UnknownUnsized <- Get(r45)
0x595050:
  110 r14: UnknownUnsized <- Arith(BitAnd, r14, r14)
  111 r6: UnknownUnsized <- SignOf(r14)
  112 r5: UnknownUnsized <- IsZero(r14)
  113 r47: UnknownUnsized <- Part { src: r14, offset: 0, size: 1 }
  114 r3: UnknownUnsized <- Parity(r14)
  115 r2: UnknownUnsized <- False
  116 r10: UnknownUnsized <- False
0x595053:
  117 r45: UnknownUnsized <- SetJumpCondition(r5)
  118 r45: UnknownUnsized <- Control(JmpIf(155))
0x595055:
  119 r46: UnknownUnsized <- Const { value: 0, size: 8 }
  120 r46: UnknownUnsized <- Arith(Add, r46, r17)
  121 r45: UnknownUnsized <- LoadMem { addr: r46, size: 8 }
  122 r16: UnknownUnsized <- Get(r45)
0x595058:
  123 r46: UnknownUnsized <- Const { value: 8, size: 8 }
  124 r46: UnknownUnsized <- Arith(Add, r46, r16)
  125 r45: UnknownUnsized <- LoadMem { addr: r46, size: 8 }
  126 r19: UnknownUnsized <- Get(r45)
0x59505c:
  127 r19: UnknownUnsized <- Arith(BitAnd, r19, r19)
  128 r6: UnknownUnsized <- SignOf(r19)
  129 r5: UnknownUnsized <- IsZero(r19)
  130 r47: UnknownUnsized <- Part { src: r19, offset: 0, size: 1 }
  131 r3: UnknownUnsized <- Parity(r19)
  132 r2: UnknownUnsized <- False
  133 r10: UnknownUnsized <- False
0x59505f:
  134 r45: UnknownUnsized <- SetJumpCondition(r5)
  135 r45: UnknownUnsized <- Control(JmpIf(168))
0x595061:
  136 r46: UnknownUnsized <- CArg { value: r18, next_arg: None }
  137 r46: UnknownUnsized <- CArg { value: r19, next_arg: Some(r46) }
  138 r46: UnknownUnsized <- CArg { value: r15, next_arg: Some(r46) }
  139 r46: UnknownUnsized <- CArg { value: r14, next_arg: Some(r46) }
  140 r46: UnknownUnsized <- Call { callee: r19, first_arg: Some(r46) }
  141 r2: UnknownUnsized <- UndefinedBool
  142 r3: UnknownUnsized <- UndefinedBool
  143 r4: UnknownUnsized <- UndefinedBool
  144 r5: UnknownUnsized <- UndefinedBool
  145 r6: UnknownUnsized <- UndefinedBool
  146 r7: UnknownUnsized <- UndefinedBool
  147 r8: UnknownUnsized <- UndefinedBool
  148 r9: UnknownUnsized <- UndefinedBool
  149 r10: UnknownUnsized <- UndefinedBool
  150 r46: UnknownUnsized <- Get(r16)
0x595063:
  151 r45: UnknownUnsized <- Const { value: 0, size: 8 }
  152 r46: UnknownUnsized <- Const { value: 256, size: 8 }
  153 r46: UnknownUnsized <- Arith(Add, r46, r17)
  154 r46: UnknownUnsized <- StoreMem { addr: r46, value: r45 }
0x59506e:
  155 r46: UnknownUnsized <- Const { value: 0, size: 8 }
  156 r46: UnknownUnsized <- Arith(Add, r46, r17)
  157 r45: UnknownUnsized <- LoadMem { addr: r46, size: 8 }
  158 r16: UnknownUnsized <- Get(r45)
0x595071:
  159 r16: UnknownUnsized <- Arith(BitAnd, r16, r16)
  160 r6: UnknownUnsized <- SignOf(r16)
  161 r5: UnknownUnsized <- IsZero(r16)
  162 r47: UnknownUnsized <- Part { src: r16, offset: 0, size: 1 }
  163 r3: UnknownUnsized <- Parity(r16)
  164 r2: UnknownUnsized <- False
  165 r10: UnknownUnsized <- False
0x595074:
  166 r45: UnknownUnsized <- SetJumpCondition(r5)
  167 r45: UnknownUnsized <- Control(JmpIf(197))
0x595076:
  168 r46: UnknownUnsized <- Const { value: 0, size: 8 }
  169 r46: UnknownUnsized <- Arith(Add, r46, r16)
  170 r45: UnknownUnsized <- LoadMem { addr: r46, size: 8 }
  171 r16: UnknownUnsized <- Get(r45)
0x595079:
  172 r16: UnknownUnsized <- Arith(BitAnd, r16, r16)
  173 r6: UnknownUnsized <- SignOf(r16)
  174 r5: UnknownUnsized <- IsZero(r16)
  175 r47: UnknownUnsized <- Part { src: r16, offset: 0, size: 1 }
  176 r3: UnknownUnsized <- Parity(r16)
  177 r2: UnknownUnsized <- False
  178 r10: UnknownUnsized <- False
0x59507c:
  179 r45: UnknownUnsized <- SetJumpCondition(r5)
  180 r45: UnknownUnsized <- Control(JmpIf(197))
0x59507e:
  181 r14: UnknownUnsized <- Get(r17)
0x595081:
  182 r46: UnknownUnsized <- CArg { value: r18, next_arg: None }
  183 r46: UnknownUnsized <- CArg { value: r19, next_arg: Some(r46) }
  184 r46: UnknownUnsized <- CArg { value: r15, next_arg: Some(r46) }
  185 r46: UnknownUnsized <- CArg { value: r14, next_arg: Some(r46) }
  186 r46: UnknownUnsized <- Call { callee: r16, first_arg: Some(r46) }
  187 r2: UnknownUnsized <- UndefinedBool
  188 r3: UnknownUnsized <- UndefinedBool
  189 r4: UnknownUnsized <- UndefinedBool
  190 r5: UnknownUnsized <- UndefinedBool
  191 r6: UnknownUnsized <- UndefinedBool
  192 r7: UnknownUnsized <- UndefinedBool
  193 r8: UnknownUnsized <- UndefinedBool
  194 r9: UnknownUnsized <- UndefinedBool
  195 r10: UnknownUnsized <- UndefinedBool
  196 r46: UnknownUnsized <- Get(r16)
0x595083:
  197 r46: UnknownUnsized <- Const { value: 152, size: 8 }
  198 r46: UnknownUnsized <- Arith(Add, r46, r17)
  199 r45: UnknownUnsized <- LoadMem { addr: r46, size: 8 }
  200 r14: UnknownUnsized <- Get(r45)
0x59508a:
  201 r45: Regular(3673758) <- Const { value: 5857392, size: 8 }
  202 r47: UnknownUnsized <- Void
  203 r47: UnknownUnsized <- Get(r14)
  204 r46: UnknownUnsized <- CArg { value: r47, next_arg: None }
  205 r46: UnknownUnsized <- Call { callee: r45, first_arg: Some(r46) }
  206 r2: UnknownUnsized <- UndefinedBool
  207 r3: UnknownUnsized <- UndefinedBool
  208 r4: UnknownUnsized <- UndefinedBool
  209 r5: UnknownUnsized <- UndefinedBool
  210 r6: UnknownUnsized <- UndefinedBool
  211 r7: UnknownUnsized <- UndefinedBool
  212 r8: UnknownUnsized <- UndefinedBool
  213 r9: UnknownUnsized <- UndefinedBool
  214 r10: UnknownUnsized <- UndefinedBool
0x59508f:
  215 r46: UnknownUnsized <- Const { value: 160, size: 8 }
  216 r46: UnknownUnsized <- Arith(Add, r46, r17)
  217 r45: UnknownUnsized <- LoadMem { addr: r46, size: 8 }
  218 r14: UnknownUnsized <- Get(r45)
0x595096:
  219 r45: Regular(3673546) <- Const { value: 5871760, size: 8 }
  220 r47: UnknownUnsized <- Void
  221 r47: UnknownUnsized <- Get(r14)
  222 r46: UnknownUnsized <- CArg { value: r47, next_arg: None }
  223 r46: UnknownUnsized <- Call { callee: r45, first_arg: Some(r46) }
  224 r2: UnknownUnsized <- UndefinedBool
  225 r3: UnknownUnsized <- UndefinedBool
  226 r4: UnknownUnsized <- UndefinedBool
  227 r5: UnknownUnsized <- UndefinedBool
  228 r6: UnknownUnsized <- UndefinedBool
  229 r7: UnknownUnsized <- UndefinedBool
  230 r8: UnknownUnsized <- UndefinedBool
  231 r9: UnknownUnsized <- UndefinedBool
  232 r10: UnknownUnsized <- UndefinedBool
0x59509b:
  233 r45: Regular(3673976) <- Const { value: 5857232, size: 8 }
  234 r46: UnknownUnsized <- Call { callee: r45, first_arg: None }
  235 r2: UnknownUnsized <- UndefinedBool
  236 r3: UnknownUnsized <- UndefinedBool
  237 r4: UnknownUnsized <- UndefinedBool
  238 r5: UnknownUnsized <- UndefinedBool
  239 r6: UnknownUnsized <- UndefinedBool
  240 r7: UnknownUnsized <- UndefinedBool
  241 r8: UnknownUnsized <- UndefinedBool
  242 r9: UnknownUnsized <- UndefinedBool
  243 r10: UnknownUnsized <- UndefinedBool
  244 r16: UnknownUnsized <- Part { src: r46, offset: 0, size: 8 }
0x5950a0:
  245 r46: UnknownUnsized <- Const { value: 152, size: 8 }
  246 r46: UnknownUnsized <- Arith(Add, r46, r17)
  247 r46: UnknownUnsized <- StoreMem { addr: r46, value: r16 }
0x5950a7:
  248 r45: Regular(3679649) <- Const { value: 5852912, size: 8 }
  249 r46: UnknownUnsized <- Call { callee: r45, first_arg: None }
  250 r2: UnknownUnsized <- UndefinedBool
  251 r3: UnknownUnsized <- UndefinedBool
  252 r4: UnknownUnsized <- UndefinedBool
  253 r5: UnknownUnsized <- UndefinedBool
  254 r6: UnknownUnsized <- UndefinedBool
  255 r7: UnknownUnsized <- UndefinedBool
  256 r8: UnknownUnsized <- UndefinedBool
  257 r9: UnknownUnsized <- UndefinedBool
  258 r10: UnknownUnsized <- UndefinedBool
  259 r16: UnknownUnsized <- Part { src: r46, offset: 0, size: 8 }
0x5950ac:
  260 r46: UnknownUnsized <- Const { value: 152, size: 8 }
  261 r46: UnknownUnsized <- Arith(Add, r46, r17)
  262 r45: UnknownUnsized <- LoadMem { addr: r46, size: 8 }
  263 r47: UnknownUnsized <- Const { value: 0, size: 8 }
  264 r45: UnknownUnsized <- Arith(Sub, r45, r47)
  265 r10: UnknownUnsized <- OverflowOf(r45)
  266 r2: UnknownUnsized <- CarryOf(r45)
  267 r6: UnknownUnsized <- SignOf(r45)
  268 r5: UnknownUnsized <- IsZero(r45)
  269 r48: UnknownUnsized <- Part { src: r45, offset: 0, size: 1 }
  270 r3: UnknownUnsized <- Parity(r48)
0x5950b4:
  271 r46: UnknownUnsized <- Const { value: 160, size: 8 }
  272 r46: UnknownUnsized <- Arith(Add, r46, r17)
  273 r46: UnknownUnsized <- StoreMem { addr: r46, value: r16 }
0x5950bb:
  274 r45: UnknownUnsized <- SetJumpCondition(r5)
  275 r45: UnknownUnsized <- Control(JmpIf(537))
0x5950c1:
  276 r16: UnknownUnsized <- Arith(BitAnd, r16, r16)
  277 r6: UnknownUnsized <- SignOf(r16)
  278 r5: UnknownUnsized <- IsZero(r16)
  279 r47: UnknownUnsized <- Part { src: r16, offset: 0, size: 1 }
  280 r3: UnknownUnsized <- Parity(r16)
  281 r2: UnknownUnsized <- False
  282 r10: UnknownUnsized <- False
0x5950c4:
  283 r45: UnknownUnsized <- SetJumpCondition(r5)
  284 r45: UnknownUnsized <- Control(JmpIf(537))
0x5950ca:
  285 r46: UnknownUnsized <- Const { value: 168, size: 8 }
  286 r46: UnknownUnsized <- Arith(Add, r46, r17)
  287 r45: UnknownUnsized <- LoadMem { addr: r46, size: 4 }
  288 r47: UnknownUnsized <- Part { src: r16, offset: 4, size: 4 }
  289 r16: UnknownUnsized <- Concat { lo: r45, hi: r47 }
0x5950d0:
  290 r46: UnknownUnsized <- Part { src: r16, offset: 0, size: 4 }
  291 r48: UnknownUnsized <- Part { src: r16, offset: 0, size: 4 }
  292 r46: UnknownUnsized <- Arith(BitAnd, r46, r48)
  293 r6: UnknownUnsized <- SignOf(r46)
  294 r5: UnknownUnsized <- IsZero(r46)
  295 r49: UnknownUnsized <- Part { src: r46, offset: 0, size: 1 }
  296 r3: UnknownUnsized <- Parity(r46)
  297 r2: UnknownUnsized <- False
  298 r10: UnknownUnsized <- False
0x5950d2:
  299 r45: UnknownUnsized <- SetJumpCondition(r5)
  300 r45: UnknownUnsized <- Control(JmpIf(440))
0x5950d4:
  301 r46: UnknownUnsized <- Part { src: r16, offset: 0, size: 4 }
  302 r47: UnknownUnsized <- Const { value: 1, size: 4 }
  303 r46: UnknownUnsized <- Arith(Sub, r46, r47)
  304 r10: UnknownUnsized <- OverflowOf(r46)
  305 r2: UnknownUnsized <- CarryOf(r46)
  306 r6: UnknownUnsized <- SignOf(r46)
  307 r5: UnknownUnsized <- IsZero(r46)
  308 r48: UnknownUnsized <- Part { src: r46, offset: 0, size: 1 }
  309 r3: UnknownUnsized <- Parity(r48)
0x5950d7:
  310 r45: UnknownUnsized <- SetJumpCondition(r5)
  311 r45: UnknownUnsized <- Control(JmpIf(406))
0x5950d9:
  312 r45: UnknownUnsized <- Const { value: 7007800, size: 8 }
  313 r45: UnknownUnsized <- Arith(Add, r45, r13)
  314 r19: UnknownUnsized <- Get(r45)
0x5950e0:
  315 r45: UnknownUnsized <- Const { value: 2, size: 4 }
  316 r46: UnknownUnsized <- Part { src: r15, offset: 4, size: 4 }
  317 r15: UnknownUnsized <- Concat { lo: r45, hi: r46 }
0x5950e5:
  318 r14: UnknownUnsized <- Get(r17)
0x5950e8:
  319 r45: UnknownUnsized <- Const { value: 4294967295, size: 4 }
  320 r46: UnknownUnsized <- Part { src: r11, offset: 4, size: 4 }
  321 r11: UnknownUnsized <- Concat { lo: r45, hi: r46 }
0x5950ed:
  322 r45: Regular(3679711) <- Const { value: 5852656, size: 8 }
  323 r47: UnknownUnsized <- Void
  324 r47: UnknownUnsized <- Get(r14)
  325 r48: UnknownUnsized <- Void
  326 r48: UnknownUnsized <- Get(r15)
  327 r48: UnknownUnsized <- Part { src: r48, offset: 0, size: 4 }
  328 r49: UnknownUnsized <- Void
  329 r49: UnknownUnsized <- Get(r19)
  330 r46: UnknownUnsized <- CArg { value: r49, next_arg: None }
  331 r46: UnknownUnsized <- CArg { value: r48, next_arg: Some(r46) }
  332 r46: UnknownUnsized <- CArg { value: r47, next_arg: Some(r46) }
  333 r46: UnknownUnsized <- Call { callee: r45, first_arg: Some(r46) }
  334 r2: UnknownUnsized <- UndefinedBool
  335 r3: UnknownUnsized <- UndefinedBool
  336 r4: UnknownUnsized <- UndefinedBool
  337 r5: UnknownUnsized <- UndefinedBool
  338 r6: UnknownUnsized <- UndefinedBool
  339 r7: UnknownUnsized <- UndefinedBool
  340 r8: UnknownUnsized <- UndefinedBool
  341 r9: UnknownUnsized <- UndefinedBool
  342 r10: UnknownUnsized <- UndefinedBool
0x5950f2:
  343 r46: UnknownUnsized <- Const { value: 184, size: 8 }
  344 r46: UnknownUnsized <- Arith(Add, r46, r17)
  345 r45: UnknownUnsized <- LoadMem { addr: r46, size: 8 }
  346 r16: UnknownUnsized <- Get(r45)
0x5950f9:
  347 r16: UnknownUnsized <- Arith(BitAnd, r16, r16)
  348 r6: UnknownUnsized <- SignOf(r16)
  349 r5: UnknownUnsized <- IsZero(r16)
  350 r47: UnknownUnsized <- Part { src: r16, offset: 0, size: 1 }
  351 r3: UnknownUnsized <- Parity(r16)
  352 r2: UnknownUnsized <- False
  353 r10: UnknownUnsized <- False
0x5950fc:
  354 r45: UnknownUnsized <- SetJumpCondition(r5)
  355 r45: UnknownUnsized <- Control(JmpIf(383))
0x5950fe:
  356 r46: UnknownUnsized <- Const { value: 144, size: 8 }
  357 r46: UnknownUnsized <- Arith(Add, r46, r17)
  358 r45: UnknownUnsized <- LoadMem { addr: r46, size: 1 }
  359 r47: UnknownUnsized <- Const { value: 1, size: 1 }
  360 r45: UnknownUnsized <- Arith(BitAnd, r45, r47)
  361 r6: UnknownUnsized <- SignOf(r45)
  362 r5: UnknownUnsized <- IsZero(r45)
  363 r48: UnknownUnsized <- Part { src: r45, offset: 0, size: 1 }
  364 r3: UnknownUnsized <- Parity(r45)
  365 r2: UnknownUnsized <- False
  366 r10: UnknownUnsized <- False
0x595105:
  367 r45: UnknownUnsized <- SetJumpCondition(r5)
  368 r45: UnknownUnsized <- Control(JmpIf(383))
0x595107:
  369 r46: UnknownUnsized <- Const { value: 140, size: 8 }
  370 r46: UnknownUnsized <- Arith(Add, r46, r17)
  371 r45: UnknownUnsized <- LoadMem { addr: r46, size: 4 }
  372 r47: UnknownUnsized <- Const { value: -1, size: 4 }
  373 r45: UnknownUnsized <- Arith(Sub, r45, r47)
  374 r10: UnknownUnsized <- OverflowOf(r45)
  375 r2: UnknownUnsized <- CarryOf(r45)
  376 r6: UnknownUnsized <- SignOf(r45)
  377 r5: UnknownUnsized <- IsZero(r45)
  378 r48: UnknownUnsized <- Part { src: r45, offset: 0, size: 1 }
  379 r3: UnknownUnsized <- Parity(r48)
0x59510e:
  380 r45: UnknownUnsized <- Not(r5)
  381 r46: UnknownUnsized <- SetJumpCondition(r45)
  382 r46: UnknownUnsized <- Control(JmpIf(490))
0x595110:
  383 r46: UnknownUnsized <- Const { value: 8, size: 8 }
  384 r12: UnknownUnsized <- Arith(Add, r12, r46)
  385 r12: UnknownUnsized <- Get(r12)
  386 r10: UnknownUnsized <- OverflowOf(r12)
  387 r2: UnknownUnsized <- CarryOf(r12)
  388 r6: UnknownUnsized <- SignOf(r12)
  389 r5: UnknownUnsized <- IsZero(r12)
  390 r47: UnknownUnsized <- Part { src: r12, offset: 0, size: 1 }
  391 r3: UnknownUnsized <- Parity(r47)
0x595114:
  392 r46: UnknownUnsized <- Part { src: r11, offset: 0, size: 4 }
  393 r47: UnknownUnsized <- Part { src: r16, offset: 4, size: 4 }
  394 r16: UnknownUnsized <- Concat { lo: r46, hi: r47 }
0x595116:
  395 r45: UnknownUnsized <- LoadMem { addr: r12, size: 8 }
  396 r17: UnknownUnsized <- Get(r45)
  397 r12: UnknownUnsized <- ArithK(Add, r12, 8)
0x595117:
  398 r45: UnknownUnsized <- LoadMem { addr: r12, size: 8 }
  399 r11: UnknownUnsized <- Get(r45)
  400 r12: UnknownUnsized <- ArithK(Add, r12, 8)
0x595118:
  401 r45: UnknownUnsized <- Void
  402 r45: UnknownUnsized <- Concat { lo: r45, hi: r16 }
  403 r45: UnknownUnsized <- Part { src: r45, offset: 0, size: 4 }
  404 r47: UnknownUnsized <- SetReturnValue(r45)
  405 r47: UnknownUnsized <- Control(Ret)
0x595120:
  406 r46: UnknownUnsized <- Const { value: 176, size: 8 }
  407 r46: UnknownUnsized <- Arith(Add, r46, r17)
  408 r45: UnknownUnsized <- LoadMem { addr: r46, size: 8 }
  409 r19: UnknownUnsized <- Get(r45)
0x595127:
  410 r46: UnknownUnsized <- Const { value: 216, size: 8 }
  411 r46: UnknownUnsized <- Arith(Add, r46, r17)
  412 r45: UnknownUnsized <- LoadMem { addr: r46, size: 8 }
  413 r15: UnknownUnsized <- Get(r45)
0x59512e:
  414 r14: UnknownUnsized <- Get(r17)
0x595131:
  415 r45: Regular(3673440) <- Const { value: 5845200, size: 8 }
  416 r47: UnknownUnsized <- Void
  417 r47: UnknownUnsized <- Get(r14)
  418 r48: UnknownUnsized <- Void
  419 r48: UnknownUnsized <- Get(r15)
  420 r49: UnknownUnsized <- Void
  421 r49: UnknownUnsized <- Get(r19)
  422 r46: UnknownUnsized <- CArg { value: r49, next_arg: None }
  423 r46: UnknownUnsized <- CArg { value: r48, next_arg: Some(r46) }
  424 r46: UnknownUnsized <- CArg { value: r47, next_arg: Some(r46) }
  425 r46: UnknownUnsized <- Call { callee: r45, first_arg: Some(r46) }
  426 r2: UnknownUnsized <- UndefinedBool
  427 r3: UnknownUnsized <- UndefinedBool
  428 r4: UnknownUnsized <- UndefinedBool
  429 r5: UnknownUnsized <- UndefinedBool
  430 r6: UnknownUnsized <- UndefinedBool
  431 r7: UnknownUnsized <- UndefinedBool
  432 r8: UnknownUnsized <- UndefinedBool
  433 r9: UnknownUnsized <- UndefinedBool
  434 r10: UnknownUnsized <- UndefinedBool
  435 r16: UnknownUnsized <- Part { src: r46, offset: 0, size: 8 }
0x595136:
  436 r46: UnknownUnsized <- Part { src: r16, offset: 0, size: 4 }
  437 r47: UnknownUnsized <- Part { src: r11, offset: 4, size: 4 }
  438 r11: UnknownUnsized <- Concat { lo: r46, hi: r47 }
0x595138:
  439 r45: UnknownUnsized <- Control(Jmp(343))
0x595140:
  440 r46: UnknownUnsized <- Const { value: 176, size: 8 }
  441 r46: UnknownUnsized <- Arith(Add, r46, r17)
  442 r45: UnknownUnsized <- LoadMem { addr: r46, size: 8 }
  443 r18: UnknownUnsized <- Get(r45)
0x595147:
  444 r46: UnknownUnsized <- Const { value: 208, size: 8 }
  445 r46: UnknownUnsized <- Arith(Add, r46, r17)
  446 r45: UnknownUnsized <- LoadMem { addr: r46, size: 4 }
  447 r47: UnknownUnsized <- Part { src: r19, offset: 4, size: 4 }
  448 r19: UnknownUnsized <- Concat { lo: r45, hi: r47 }
0x59514d:
  449 r14: UnknownUnsized <- Get(r17)
0x595150:
  450 r46: UnknownUnsized <- Const { value: 192, size: 8 }
  451 r46: UnknownUnsized <- Arith(Add, r46, r17)
  452 r45: UnknownUnsized <- LoadMem { addr: r46, size: 8 }
  453 r15: UnknownUnsized <- Get(r45)
0x595157:
  454 r46: UnknownUnsized <- Const { value: 200, size: 8 }
  455 r46: UnknownUnsized <- Arith(Add, r46, r17)
  456 r45: UnknownUnsized <- LoadMem { addr: r46, size: 8 }
  457 r20: UnknownUnsized <- Get(r45)
0x59515e:
  458 r45: Regular(3673472) <- Const { value: 5845184, size: 8 }
  459 r47: UnknownUnsized <- Void
  460 r47: UnknownUnsized <- Get(r14)
  461 r48: UnknownUnsized <- Void
  462 r48: UnknownUnsized <- Get(r15)
  463 r49: UnknownUnsized <- Void
  464 r49: UnknownUnsized <- Get(r19)
  465 r49: UnknownUnsized <- Part { src: r49, offset: 0, size: 4 }
  466 r50: UnknownUnsized <- Void
  467 r50: UnknownUnsized <- Get(r18)
  468 r51: UnknownUnsized <- Void
  469 r51: UnknownUnsized <- Get(r20)
  470 r46: UnknownUnsized <- CArg { value: r51, next_arg: None }
  471 r46: UnknownUnsized <- CArg { value: r50, next_arg: Some(r46) }
  472 r46: UnknownUnsized <- CArg { value: r49, next_arg: Some(r46) }
  473 r46: UnknownUnsized <- CArg { value: r48, next_arg: Some(r46) }
  474 r46: UnknownUnsized <- CArg { value: r47, next_arg: Some(r46) }
  475 r46: UnknownUnsized <- Call { callee: r45, first_arg: Some(r46) }
  476 r2: UnknownUnsized <- UndefinedBool
  477 r3: UnknownUnsized <- UndefinedBool
  478 r4: UnknownUnsized <- UndefinedBool
  479 r5: UnknownUnsized <- UndefinedBool
  480 r6: UnknownUnsized <- UndefinedBool
  481 r7: UnknownUnsized <- UndefinedBool
  482 r8: UnknownUnsized <- UndefinedBool
  483 r9: UnknownUnsized <- UndefinedBool
  484 r10: UnknownUnsized <- UndefinedBool
  485 r16: UnknownUnsized <- Part { src: r46, offset: 0, size: 8 }
0x595163:
  486 r46: UnknownUnsized <- Part { src: r16, offset: 0, size: 4 }
  487 r47: UnknownUnsized <- Part { src: r11, offset: 4, size: 4 }
  488 r11: UnknownUnsized <- Concat { lo: r46, hi: r47 }
0x595165:
  489 r45: UnknownUnsized <- Control(Jmp(343))
0x595170:
  490 r46: UnknownUnsized <- Const { value: 0, size: 8 }
  491 r46: UnknownUnsized <- Arith(Add, r46, r16)
  492 r45: UnknownUnsized <- LoadMem { addr: r46, size: 8 }
  493 r15: UnknownUnsized <- Get(r45)
0x595173:
  494 r46: UnknownUnsized <- Const { value: 8, size: 8 }
  495 r46: UnknownUnsized <- Arith(Add, r46, r16)
  496 r45: UnknownUnsized <- LoadMem { addr: r46, size: 8 }
  497 r19: UnknownUnsized <- Get(r45)
0x595177:
  498 r14: UnknownUnsized <- Get(r17)
0x59517a:
  499 r45: Regular(3673413) <- Const { value: 5844800, size: 8 }
  500 r47: UnknownUnsized <- Void
  501 r47: UnknownUnsized <- Get(r14)
  502 r46: UnknownUnsized <- CArg { value: r47, next_arg: None }
  503 r46: UnknownUnsized <- Call { callee: r45, first_arg: Some(r46) }
  504 r2: UnknownUnsized <- UndefinedBool
  505 r3: UnknownUnsized <- UndefinedBool
  506 r4: UnknownUnsized <- UndefinedBool
  507 r5: UnknownUnsized <- UndefinedBool
  508 r6: UnknownUnsized <- UndefinedBool
  509 r7: UnknownUnsized <- UndefinedBool
  510 r8: UnknownUnsized <- UndefinedBool
  511 r9: UnknownUnsized <- UndefinedBool
  512 r10: UnknownUnsized <- UndefinedBool
  513 r16: UnknownUnsized <- Part { src: r46, offset: 0, size: 8 }
0x59517f:
  514 r46: UnknownUnsized <- Const { value: 8, size: 8 }
  515 r12: UnknownUnsized <- Arith(Add, r12, r46)
  516 r12: UnknownUnsized <- Get(r12)
  517 r10: UnknownUnsized <- OverflowOf(r12)
  518 r2: UnknownUnsized <- CarryOf(r12)
  519 r6: UnknownUnsized <- SignOf(r12)
  520 r5: UnknownUnsized <- IsZero(r12)
  521 r47: UnknownUnsized <- Part { src: r12, offset: 0, size: 1 }
  522 r3: UnknownUnsized <- Parity(r47)
0x595183:
  523 r46: UnknownUnsized <- Part { src: r11, offset: 0, size: 4 }
  524 r47: UnknownUnsized <- Part { src: r16, offset: 4, size: 4 }
  525 r16: UnknownUnsized <- Concat { lo: r46, hi: r47 }
0x595185:
  526 r45: UnknownUnsized <- LoadMem { addr: r12, size: 8 }
  527 r17: UnknownUnsized <- Get(r45)
  528 r12: UnknownUnsized <- ArithK(Add, r12, 8)
0x595186:
  529 r45: UnknownUnsized <- LoadMem { addr: r12, size: 8 }
  530 r11: UnknownUnsized <- Get(r45)
  531 r12: UnknownUnsized <- ArithK(Add, r12, 8)
0x595187:
  532 r45: UnknownUnsized <- Void
  533 r45: UnknownUnsized <- Concat { lo: r45, hi: r16 }
  534 r45: UnknownUnsized <- Part { src: r45, offset: 0, size: 4 }
  535 r47: UnknownUnsized <- SetReturnValue(r45)
  536 r47: UnknownUnsized <- Control(Ret)
0x595188:
  537 r45: UnknownUnsized <- Const { value: 6951854, size: 8 }
  538 r45: UnknownUnsized <- Arith(Add, r45, r13)
  539 r19: UnknownUnsized <- Get(r45)
0x59518f:
  540 r45: UnknownUnsized <- Const { value: 5, size: 4 }
  541 r46: UnknownUnsized <- Part { src: r15, offset: 4, size: 4 }
  542 r15: UnknownUnsized <- Concat { lo: r45, hi: r46 }
0x595194:
  543 r14: UnknownUnsized <- Get(r17)
0x595197:
  544 r45: UnknownUnsized <- Const { value: 4294967295, size: 4 }
  545 r46: UnknownUnsized <- Part { src: r11, offset: 4, size: 4 }
  546 r11: UnknownUnsized <- Concat { lo: r45, hi: r46 }
0x59519c:
  547 r45: Regular(3679711) <- Const { value: 5852656, size: 8 }
  548 r47: UnknownUnsized <- Void
  549 r47: UnknownUnsized <- Get(r14)
  550 r48: UnknownUnsized <- Void
  551 r48: UnknownUnsized <- Get(r15)
  552 r48: UnknownUnsized <- Part { src: r48, offset: 0, size: 4 }
  553 r49: UnknownUnsized <- Void
  554 r49: UnknownUnsized <- Get(r19)
  555 r46: UnknownUnsized <- CArg { value: r49, next_arg: None }
  556 r46: UnknownUnsized <- CArg { value: r48, next_arg: Some(r46) }
  557 r46: UnknownUnsized <- CArg { value: r47, next_arg: Some(r46) }
  558 r46: UnknownUnsized <- Call { callee: r45, first_arg: Some(r46) }
  559 r2: UnknownUnsized <- UndefinedBool
  560 r3: UnknownUnsized <- UndefinedBool
  561 r4: UnknownUnsized <- UndefinedBool
  562 r5: UnknownUnsized <- UndefinedBool
  563 r6: UnknownUnsized <- UndefinedBool
  564 r7: UnknownUnsized <- UndefinedBool
  565 r8: UnknownUnsized <- UndefinedBool
  566 r9: UnknownUnsized <- UndefinedBool
  567 r10: UnknownUnsized <- UndefinedBool
0x5951a1:
  568 r45: UnknownUnsized <- Control(Jmp(383))


 --- ssa pre-xform
ssa program  582 instrs
.B0:    ;;  → Conditional { pos: Block(BlockID(3)), neg: Block(BlockID(1)) }.
         r10: unknown <UnknownUnsized> <- Ancestral(AncestralName("RBP"))
         r11: unknown <UnknownUnsized> <- Ancestral(AncestralName("RSP"))
  (  2)  r12: unknown <UnknownUnsized> <- Ancestral(AncestralName("RIP"))
  (  3)  r14: unknown <UnknownUnsized> <- Ancestral(AncestralName("RSI"))
         r16: unknown <UnknownUnsized> <- Ancestral(AncestralName("RBX"))
  (  2)  r17: unknown <UnknownUnsized> <- Ancestral(AncestralName("RCX"))
  ( 27)  r43: unknown <UnknownUnsized> <- Ancestral(AncestralName("arg0"))
  (  2)  r45: unknown <UnknownUnsized> <- ArithK(Add, r11, -8)
         r46: unknown <UnknownUnsized> <- StoreMem { addr: r45, value: r10 }
         r47: unknown <UnknownUnsized> <- Const { value: 12, size: 8 }
  (  6)  r48: unknown <UnknownUnsized> <- Arith(Add, r47, r43)
         r50: unknown <UnknownUnsized> <- ArithK(Add, r45, -8)
         r51: unknown <UnknownUnsized> <- StoreMem { addr: r50, value: r16 }
         r62: unknown <UnknownUnsized> <- Const { value: 0, size: 4 }
         r63: unknown <UnknownUnsized> <- Const { value: 8, size: 8 }
         r64: unknown <UnknownUnsized> <- Arith(Add, r63, r43)
         r65: unknown <UnknownUnsized> <- StoreMem { addr: r64, value: r62 }
         r67: strlen <Regular(3673921)> <- Const { value: 4199136, size: 8 }
         r70: unknown <UnknownUnsized> <- CArg { value: r48, next_arg: None }
         r71: unknown <UnknownUnsized> <- Call { callee: r67, first_arg: Some(r70) }
  (  2)  r81: unknown <UnknownUnsized> <- Part { src: r71, offset: 0, size: 8 }
         r83: unknown <UnknownUnsized> <- Part { src: r14, offset: 0, size: 4 }
         r84: unknown <UnknownUnsized> <- Part { src: r14, offset: 0, size: 4 }
         r85: unknown <UnknownUnsized> <- Arith(BitXor, r83, r84)
         r86: unknown <UnknownUnsized> <- Part { src: r14, offset: 4, size: 4 }
  (  4)  r87: unknown <UnknownUnsized> <- Concat { lo: r85, hi: r86 }
         r95: __builtin_memset <Regular(3688039)> <- Const { value: 4199488, size: 8 }
         r96: unknown <UnknownUnsized> <- Call { callee: r95, first_arg: None }
         r106: unknown <UnknownUnsized> <- Const { value: 256, size: 8 }
         r107: unknown <UnknownUnsized> <- Arith(Add, r106, r43)
  (  2)  r108: unknown <UnknownUnsized> <- LoadMem { addr: r107, size: 8 }
  (  2)  r110: unknown <UnknownUnsized> <- Arith(BitAnd, r108, r108)
         r112: unknown <UnknownUnsized> <- IsZero(r110)
         r117: unknown <UnknownUnsized> <- SetJumpCondition(r112)
.B1:    ;; preds:B0  → Conditional { pos: Block(BlockID(4)), neg: Block(BlockID(2)) }.
         r119: unknown <UnknownUnsized> <- Const { value: 0, size: 8 }
         r120: unknown <UnknownUnsized> <- Arith(Add, r119, r43)
  (  2)  r121: unknown <UnknownUnsized> <- LoadMem { addr: r120, size: 8 }
         r123: unknown <UnknownUnsized> <- Const { value: 8, size: 8 }
         r124: unknown <UnknownUnsized> <- Arith(Add, r123, r121)
  (  2)  r125: unknown <UnknownUnsized> <- LoadMem { addr: r124, size: 8 }
  (  3)  r127: unknown <UnknownUnsized> <- Arith(BitAnd, r125, r125)
         r129: unknown <UnknownUnsized> <- IsZero(r127)
         r134: unknown <UnknownUnsized> <- SetJumpCondition(r129)
         r581: unknown <UnknownUnsized> <- Upsilon { value: r121, phi_ref: r569 }
.B2:    ;; preds:B1  → Always(Block(BlockID(3))).
         r136: unknown <UnknownUnsized> <- CArg { value: r17, next_arg: None }
         r137: unknown <UnknownUnsized> <- CArg { value: r127, next_arg: Some(r136) }
         r138: unknown <UnknownUnsized> <- CArg { value: r87, next_arg: Some(r137) }
         r139: unknown <UnknownUnsized> <- CArg { value: r110, next_arg: Some(r138) }
         r140: unknown <UnknownUnsized> <- Call { callee: r127, first_arg: Some(r139) }
         r151: unknown <UnknownUnsized> <- Const { value: 0, size: 8 }
         r152: unknown <UnknownUnsized> <- Const { value: 256, size: 8 }
         r153: unknown <UnknownUnsized> <- Arith(Add, r152, r43)
         r154: unknown <UnknownUnsized> <- StoreMem { addr: r153, value: r151 }
.B3:    ;; preds:B0,B2  → Conditional { pos: Block(BlockID(6)), neg: Block(BlockID(4)) }.
         r155: unknown <UnknownUnsized> <- Const { value: 0, size: 8 }
         r156: unknown <UnknownUnsized> <- Arith(Add, r155, r43)
  (  2)  r157: unknown <UnknownUnsized> <- LoadMem { addr: r156, size: 8 }
  (  2)  r159: unknown <UnknownUnsized> <- Arith(BitAnd, r157, r157)
         r161: unknown <UnknownUnsized> <- IsZero(r159)
         r166: unknown <UnknownUnsized> <- SetJumpCondition(r161)
         r580: unknown <UnknownUnsized> <- Upsilon { value: r159, phi_ref: r569 }
.B4:    ;; preds:B1,B3  → Conditional { pos: Block(BlockID(6)), neg: Block(BlockID(5)) }.
         r569: unknown <UnknownUnsized> <- Phi
         r168: unknown <UnknownUnsized> <- Const { value: 0, size: 8 }
         r169: unknown <UnknownUnsized> <- Arith(Add, r168, r569)
  (  2)  r170: unknown <UnknownUnsized> <- LoadMem { addr: r169, size: 8 }
  (  2)  r172: unknown <UnknownUnsized> <- Arith(BitAnd, r170, r170)
         r174: unknown <UnknownUnsized> <- IsZero(r172)
         r179: unknown <UnknownUnsized> <- SetJumpCondition(r174)
.B5:    ;; preds:B4  → Always(Block(BlockID(6))).
         r182: unknown <UnknownUnsized> <- CArg { value: r17, next_arg: None }
         r183: unknown <UnknownUnsized> <- CArg { value: r81, next_arg: Some(r182) }
         r184: unknown <UnknownUnsized> <- CArg { value: r87, next_arg: Some(r183) }
         r185: unknown <UnknownUnsized> <- CArg { value: r43, next_arg: Some(r184) }
         r186: unknown <UnknownUnsized> <- Call { callee: r172, first_arg: Some(r185) }
.B6:    ;; preds:B3,B4,B5  → Conditional { pos: Block(BlockID(18)), neg: Block(BlockID(7)) }.
         r197: unknown <UnknownUnsized> <- Const { value: 152, size: 8 }
         r198: unknown <UnknownUnsized> <- Arith(Add, r197, r43)
         r199: unknown <UnknownUnsized> <- LoadMem { addr: r198, size: 8 }
         r201: hi_sdsfree <Regular(3673758)> <- Const { value: 5857392, size: 8 }
         r204: unknown <UnknownUnsized> <- CArg { value: r199, next_arg: None }
         r205: unknown <UnknownUnsized> <- Call { callee: r201, first_arg: Some(r204) }
         r215: unknown <UnknownUnsized> <- Const { value: 160, size: 8 }
         r216: unknown <UnknownUnsized> <- Arith(Add, r215, r43)
         r217: unknown <UnknownUnsized> <- LoadMem { addr: r216, size: 8 }
         r219: redisReaderFree <Regular(3673546)> <- Const { value: 5871760, size: 8 }
         r222: unknown <UnknownUnsized> <- CArg { value: r217, next_arg: None }
         r223: unknown <UnknownUnsized> <- Call { callee: r219, first_arg: Some(r222) }
         r233: hi_sdsempty <Regular(3673976)> <- Const { value: 5857232, size: 8 }
         r234: unknown <UnknownUnsized> <- Call { callee: r233, first_arg: None }
         r244: unknown <UnknownUnsized> <- Part { src: r234, offset: 0, size: 8 }
         r245: unknown <UnknownUnsized> <- Const { value: 152, size: 8 }
         r246: unknown <UnknownUnsized> <- Arith(Add, r245, r43)
         r247: unknown <UnknownUnsized> <- StoreMem { addr: r246, value: r244 }
         r248: redisReaderCreate <Regular(3679649)> <- Const { value: 5852912, size: 8 }
         r249: unknown <UnknownUnsized> <- Call { callee: r248, first_arg: None }
  (  4)  r259: unknown <UnknownUnsized> <- Part { src: r249, offset: 0, size: 8 }
         r260: unknown <UnknownUnsized> <- Const { value: 152, size: 8 }
         r261: unknown <UnknownUnsized> <- Arith(Add, r260, r43)
         r262: unknown <UnknownUnsized> <- LoadMem { addr: r261, size: 8 }
         r263: unknown <UnknownUnsized> <- Const { value: 0, size: 8 }
         r264: unknown <UnknownUnsized> <- Arith(Sub, r262, r263)
         r268: unknown <UnknownUnsized> <- IsZero(r264)
         r271: unknown <UnknownUnsized> <- Const { value: 160, size: 8 }
         r272: unknown <UnknownUnsized> <- Arith(Add, r271, r43)
         r273: unknown <UnknownUnsized> <- StoreMem { addr: r272, value: r259 }
         r274: unknown <UnknownUnsized> <- SetJumpCondition(r268)
.B7:    ;; preds:B6  → Conditional { pos: Block(BlockID(18)), neg: Block(BlockID(8)) }.
  (  2)  r276: unknown <UnknownUnsized> <- Arith(BitAnd, r259, r259)
         r278: unknown <UnknownUnsized> <- IsZero(r276)
         r283: unknown <UnknownUnsized> <- SetJumpCondition(r278)
.B8:    ;; preds:B7  → Conditional { pos: Block(BlockID(16)), neg: Block(BlockID(9)) }.
         r285: unknown <UnknownUnsized> <- Const { value: 168, size: 8 }
         r286: unknown <UnknownUnsized> <- Arith(Add, r285, r43)
         r287: unknown <UnknownUnsized> <- LoadMem { addr: r286, size: 4 }
         r288: unknown <UnknownUnsized> <- Part { src: r276, offset: 4, size: 4 }
  (  3)  r289: unknown <UnknownUnsized> <- Concat { lo: r287, hi: r288 }
         r290: unknown <UnknownUnsized> <- Part { src: r289, offset: 0, size: 4 }
         r291: unknown <UnknownUnsized> <- Part { src: r289, offset: 0, size: 4 }
         r292: unknown <UnknownUnsized> <- Arith(BitAnd, r290, r291)
         r294: unknown <UnknownUnsized> <- IsZero(r292)
         r299: unknown <UnknownUnsized> <- SetJumpCondition(r294)
.B9:    ;; preds:B8  → Conditional { pos: Block(BlockID(15)), neg: Block(BlockID(10)) }.
         r301: unknown <UnknownUnsized> <- Part { src: r289, offset: 0, size: 4 }
         r302: unknown <UnknownUnsized> <- Const { value: 1, size: 4 }
         r303: unknown <UnknownUnsized> <- Arith(Sub, r301, r302)
         r307: unknown <UnknownUnsized> <- IsZero(r303)
         r310: unknown <UnknownUnsized> <- SetJumpCondition(r307)
.B10:    ;; preds:B9  → Always(Block(BlockID(11))).
         r312: unknown <UnknownUnsized> <- Const { value: 7007800, size: 8 }
         r313: unknown <UnknownUnsized> <- Arith(Add, r312, r12)
         r315: unknown <UnknownUnsized> <- Const { value: 2, size: 4 }
         r316: unknown <UnknownUnsized> <- Part { src: r87, offset: 4, size: 4 }
         r317: unknown <UnknownUnsized> <- Concat { lo: r315, hi: r316 }
         r322: __redisSetError <Regular(3679711)> <- Const { value: 5852656, size: 8 }
         r327: unknown <UnknownUnsized> <- Part { src: r317, offset: 0, size: 4 }
         r330: unknown <UnknownUnsized> <- CArg { value: r313, next_arg: None }
         r331: unknown <UnknownUnsized> <- CArg { value: r327, next_arg: Some(r330) }
         r332: unknown <UnknownUnsized> <- CArg { value: r43, next_arg: Some(r331) }
         r333: unknown <UnknownUnsized> <- Call { callee: r322, first_arg: Some(r332) }
.B15:    ;; preds:B9  → Always(Block(BlockID(11))).
         r406: unknown <UnknownUnsized> <- Const { value: 176, size: 8 }
         r407: unknown <UnknownUnsized> <- Arith(Add, r406, r43)
         r408: unknown <UnknownUnsized> <- LoadMem { addr: r407, size: 8 }
         r410: unknown <UnknownUnsized> <- Const { value: 216, size: 8 }
         r411: unknown <UnknownUnsized> <- Arith(Add, r410, r43)
         r412: unknown <UnknownUnsized> <- LoadMem { addr: r411, size: 8 }
         r415: redisContextConnectUnix <Regular(3673440)> <- Const { value: 5845200, size: 8 }
         r422: unknown <UnknownUnsized> <- CArg { value: r408, next_arg: None }
         r423: unknown <UnknownUnsized> <- CArg { value: r412, next_arg: Some(r422) }
         r424: unknown <UnknownUnsized> <- CArg { value: r43, next_arg: Some(r423) }
         r425: unknown <UnknownUnsized> <- Call { callee: r415, first_arg: Some(r424) }
.B16:    ;; preds:B8  → Always(Block(BlockID(11))).
         r440: unknown <UnknownUnsized> <- Const { value: 176, size: 8 }
         r441: unknown <UnknownUnsized> <- Arith(Add, r440, r43)
         r442: unknown <UnknownUnsized> <- LoadMem { addr: r441, size: 8 }
         r444: unknown <UnknownUnsized> <- Const { value: 208, size: 8 }
         r445: unknown <UnknownUnsized> <- Arith(Add, r444, r43)
         r446: unknown <UnknownUnsized> <- LoadMem { addr: r445, size: 4 }
         r447: unknown <UnknownUnsized> <- Part { src: r81, offset: 4, size: 4 }
         r448: unknown <UnknownUnsized> <- Concat { lo: r446, hi: r447 }
         r450: unknown <UnknownUnsized> <- Const { value: 192, size: 8 }
         r451: unknown <UnknownUnsized> <- Arith(Add, r450, r43)
         r452: unknown <UnknownUnsized> <- LoadMem { addr: r451, size: 8 }
         r454: unknown <UnknownUnsized> <- Const { value: 200, size: 8 }
         r455: unknown <UnknownUnsized> <- Arith(Add, r454, r43)
         r456: unknown <UnknownUnsized> <- LoadMem { addr: r455, size: 8 }
         r458: redisContextConnectBindTcp <Regular(3673472)> <- Const { value: 5845184, size: 8 }
         r465: unknown <UnknownUnsized> <- Part { src: r448, offset: 0, size: 4 }
         r470: unknown <UnknownUnsized> <- CArg { value: r456, next_arg: None }
         r471: unknown <UnknownUnsized> <- CArg { value: r442, next_arg: Some(r470) }
         r472: unknown <UnknownUnsized> <- CArg { value: r465, next_arg: Some(r471) }
         r473: unknown <UnknownUnsized> <- CArg { value: r452, next_arg: Some(r472) }
         r474: unknown <UnknownUnsized> <- CArg { value: r43, next_arg: Some(r473) }
         r475: unknown <UnknownUnsized> <- Call { callee: r458, first_arg: Some(r474) }
.B11:    ;; preds:B10,B15,B16  → Conditional { pos: Block(BlockID(14)), neg: Block(BlockID(12)) }.
         r343: unknown <UnknownUnsized> <- Const { value: 184, size: 8 }
         r344: unknown <UnknownUnsized> <- Arith(Add, r343, r43)
  (  2)  r345: unknown <UnknownUnsized> <- LoadMem { addr: r344, size: 8 }
  (  4)  r347: unknown <UnknownUnsized> <- Arith(BitAnd, r345, r345)
         r349: unknown <UnknownUnsized> <- IsZero(r347)
         r354: unknown <UnknownUnsized> <- SetJumpCondition(r349)
         r574: unknown <UnknownUnsized> <- Upsilon { value: r48, phi_ref: r570 }
         r575: unknown <UnknownUnsized> <- Upsilon { value: r347, phi_ref: r571 }
.B12:    ;; preds:B11  → Conditional { pos: Block(BlockID(14)), neg: Block(BlockID(13)) }.
         r356: unknown <UnknownUnsized> <- Const { value: 144, size: 8 }
         r357: unknown <UnknownUnsized> <- Arith(Add, r356, r43)
         r358: unknown <UnknownUnsized> <- LoadMem { addr: r357, size: 1 }
         r359: unknown <UnknownUnsized> <- Const { value: 1, size: 1 }
         r360: unknown <UnknownUnsized> <- Arith(BitAnd, r358, r359)
         r362: unknown <UnknownUnsized> <- IsZero(r360)
         r367: unknown <UnknownUnsized> <- SetJumpCondition(r362)
         r576: unknown <UnknownUnsized> <- Upsilon { value: r48, phi_ref: r570 }
         r577: unknown <UnknownUnsized> <- Upsilon { value: r347, phi_ref: r571 }
.B13:    ;; preds:B12  → Conditional { pos: Block(BlockID(17)), neg: Block(BlockID(14)) }.
         r369: unknown <UnknownUnsized> <- Const { value: 140, size: 8 }
         r370: unknown <UnknownUnsized> <- Arith(Add, r369, r43)
         r371: unknown <UnknownUnsized> <- LoadMem { addr: r370, size: 4 }
         r372: unknown <UnknownUnsized> <- Const { value: -1, size: 4 }
         r373: unknown <UnknownUnsized> <- Arith(Sub, r371, r372)
         r377: unknown <UnknownUnsized> <- IsZero(r373)
         r380: unknown <UnknownUnsized> <- Not(r377)
         r381: unknown <UnknownUnsized> <- SetJumpCondition(r380)
         r578: unknown <UnknownUnsized> <- Upsilon { value: r48, phi_ref: r570 }
         r579: unknown <UnknownUnsized> <- Upsilon { value: r347, phi_ref: r571 }
.B17:    ;; preds:B13  → Always(Return).
         r499: redisContextSetTimeout <Regular(3673413)> <- Const { value: 5844800, size: 8 }
         r502: unknown <UnknownUnsized> <- CArg { value: r43, next_arg: None }
         r503: unknown <UnknownUnsized> <- Call { callee: r499, first_arg: Some(r502) }
         r513: unknown <UnknownUnsized> <- Part { src: r503, offset: 0, size: 8 }
         r523: unknown <UnknownUnsized> <- Part { src: r48, offset: 0, size: 4 }
         r524: unknown <UnknownUnsized> <- Part { src: r513, offset: 4, size: 4 }
         r525: unknown <UnknownUnsized> <- Concat { lo: r523, hi: r524 }
         r533: unknown <UnknownUnsized> <- Concat { lo: r532, hi: r525 }
         r534: unknown <UnknownUnsized> <- Part { src: r533, offset: 0, size: 4 }
         r535: unknown <UnknownUnsized> <- SetReturnValue(r534)
.B18:    ;; preds:B6,B7  → Always(Block(BlockID(14))).
         r537: unknown <UnknownUnsized> <- Const { value: 6951854, size: 8 }
         r538: unknown <UnknownUnsized> <- Arith(Add, r537, r12)
         r540: unknown <UnknownUnsized> <- Const { value: 5, size: 4 }
         r541: unknown <UnknownUnsized> <- Part { src: r87, offset: 4, size: 4 }
         r542: unknown <UnknownUnsized> <- Concat { lo: r540, hi: r541 }
         r544: unknown <UnknownUnsized> <- Const { value: 4294967295, size: 4 }
         r545: unknown <UnknownUnsized> <- Part { src: r48, offset: 4, size: 4 }
         r546: unknown <UnknownUnsized> <- Concat { lo: r544, hi: r545 }
         r547: __redisSetError <Regular(3679711)> <- Const { value: 5852656, size: 8 }
         r552: unknown <UnknownUnsized> <- Part { src: r542, offset: 0, size: 4 }
         r555: unknown <UnknownUnsized> <- CArg { value: r538, next_arg: None }
         r556: unknown <UnknownUnsized> <- CArg { value: r552, next_arg: Some(r555) }
         r557: unknown <UnknownUnsized> <- CArg { value: r43, next_arg: Some(r556) }
         r558: unknown <UnknownUnsized> <- Call { callee: r547, first_arg: Some(r557) }
         r572: unknown <UnknownUnsized> <- Upsilon { value: r546, phi_ref: r570 }
         r573: unknown <UnknownUnsized> <- Upsilon { value: r259, phi_ref: r571 }
.B14:    ;; preds:B11,B12,B13,B18  → Always(Return).
         r571: unknown <UnknownUnsized> <- Phi
         r570: unknown <UnknownUnsized> <- Phi
         r392: unknown <UnknownUnsized> <- Part { src: r570, offset: 0, size: 4 }
         r393: unknown <UnknownUnsized> <- Part { src: r571, offset: 4, size: 4 }
         r394: unknown <UnknownUnsized> <- Concat { lo: r392, hi: r393 }
         r402: unknown <UnknownUnsized> <- Concat { lo: r401, hi: r394 }
         r403: unknown <UnknownUnsized> <- Part { src: r402, offset: 0, size: 4 }
         r404: unknown <UnknownUnsized> <- SetReturnValue(r403)


 --- cfg
  entry: BlockID(0)
  BlockID(0) -> Conditional { pos: Block(BlockID(3)), neg: Block(BlockID(1)) } [r10, r11, r12, r14, r16, r17, r43, r45, r46, r48, r50, r51, r62, r64, r65, r67, r70, r71, r83, r84, r85, r86, r87, r95, r96, r107, r108, r112, r117]
  BlockID(1) -> Conditional { pos: Block(BlockID(4)), neg: Block(BlockID(2)) } [r121, r124, r125, r129, r134, r581]
  BlockID(2) -> Always(Block(BlockID(3))) [r136, r137, r138, r139, r140, r151, r153, r154]
  BlockID(3) -> Conditional { pos: Block(BlockID(6)), neg: Block(BlockID(4)) } [r157, r161, r166, r580]
  BlockID(4) -> Conditional { pos: Block(BlockID(6)), neg: Block(BlockID(5)) } [r569, r170, r174, r179]
  BlockID(5) -> Always(Block(BlockID(6))) [r182, r183, r184, r185, r186]
  BlockID(6) -> Conditional { pos: Block(BlockID(18)), neg: Block(BlockID(7)) } [r198, r199, r201, r204, r205, r216, r217, r219, r222, r223, r233, r234, r246, r247, r248, r249, r261, r262, r268, r272, r273, r274]
  BlockID(7) -> Conditional { pos: Block(BlockID(18)), neg: Block(BlockID(8)) } [r278, r283]
  BlockID(8) -> Conditional { pos: Block(BlockID(16)), neg: Block(BlockID(9)) } [r286, r287, r294, r299]
  BlockID(9) -> Conditional { pos: Block(BlockID(15)), neg: Block(BlockID(10)) } [r303, r307, r310]
  BlockID(10) -> Always(Block(BlockID(11))) [r313, r315, r322, r330, r331, r332, r333]
  BlockID(11) -> Conditional { pos: Block(BlockID(14)), neg: Block(BlockID(12)) } [r344, r345, r349, r354, r574]
  BlockID(12) -> Conditional { pos: Block(BlockID(14)), neg: Block(BlockID(13)) } [r357, r358, r360, r362, r367, r576]
  BlockID(13) -> Conditional { pos: Block(BlockID(17)), neg: Block(BlockID(14)) } [r370, r371, r373, r377, r380, r381, r578]
  BlockID(14) -> Always(Return) [r570, r403, r404]
  BlockID(15) -> Always(Block(BlockID(11))) [r407, r408, r411, r412, r415, r422, r423, r424, r425]
  BlockID(16) -> Always(Block(BlockID(11))) [r441, r442, r445, r446, r451, r452, r455, r456, r458, r470, r471, r472, r473, r474, r475]
  BlockID(17) -> Always(Return) [r499, r502, r503, r534, r535]
  BlockID(18) -> Always(Block(BlockID(14))) [r538, r540, r544, r545, r546, r547, r555, r556, r557, r558, r572]
  domtree:
    BlockID(0)
|  BlockID(1)
|  |  BlockID(2)
|  BlockID(3)
|  BlockID(4)
|  |  BlockID(5)
|  BlockID(6)
|  |  BlockID(7)
|  |  |  BlockID(8)
|  |  |  |  BlockID(9)
|  |  |  |  |  BlockID(10)
|  |  |  |  |  BlockID(15)
|  |  |  |  BlockID(11)
|  |  |  |  |  BlockID(12)
|  |  |  |  |  |  BlockID(13)
|  |  |  |  |  |  |  BlockID(17)
|  |  |  |  BlockID(16)
|  |  BlockID(14)
|  |  BlockID(18)

 --- ssa
ssa program  582 instrs
.B0:    ;;  → Conditional { pos: Block(BlockID(3)), neg: Block(BlockID(1)) }.
         r10: unknown <UnknownUnsized> <- Ancestral(AncestralName("RBP"))
  (  2)  r11: unknown <UnknownUnsized> <- Ancestral(AncestralName("RSP"))
  (  2)  r12: unknown <UnknownUnsized> <- Ancestral(AncestralName("RIP"))
  (  3)  r14: unknown <UnknownUnsized> <- Ancestral(AncestralName("RSI"))
         r16: unknown <UnknownUnsized> <- Ancestral(AncestralName("RBX"))
  (  2)  r17: unknown <UnknownUnsized> <- Ancestral(AncestralName("RCX"))
  ( 27)  r43: unknown <UnknownUnsized> <- Ancestral(AncestralName("arg0"))
         r45: unknown <UnknownUnsized> <- ArithK(Add, r11, -8)
         r46: unknown <UnknownUnsized> <- StoreMem { addr: r45, value: r10 }
  (  6)  r48: unknown <UnknownUnsized> <- ArithK(Add, r43, 12)
         r50: unknown <UnknownUnsized> <- ArithK(Add, r11, -16)
         r51: unknown <UnknownUnsized> <- StoreMem { addr: r50, value: r16 }
         r62: unknown <UnknownUnsized> <- Const { value: 0, size: 4 }
         r64: unknown <UnknownUnsized> <- ArithK(Add, r43, 8)
         r65: unknown <UnknownUnsized> <- StoreMem { addr: r64, value: r62 }
         r67: strlen <Regular(3673921)> <- Const { value: 4199136, size: 8 }
         r70: unknown <UnknownUnsized> <- CArg { value: r48, next_arg: None }
         r71: unknown <UnknownUnsized> <- Call { callee: r67, first_arg: Some(r70) }
         r83: unknown <UnknownUnsized> <- Part { src: r14, offset: 0, size: 4 }
         r84: unknown <UnknownUnsized> <- Part { src: r14, offset: 0, size: 4 }
         r85: unknown <UnknownUnsized> <- Arith(BitXor, r83, r84)
         r86: unknown <UnknownUnsized> <- Part { src: r14, offset: 4, size: 4 }
  (  2)  r87: unknown <UnknownUnsized> <- Concat { lo: r85, hi: r86 }
         r95: __builtin_memset <Regular(3688039)> <- Const { value: 4199488, size: 8 }
         r96: unknown <UnknownUnsized> <- Call { callee: r95, first_arg: None }
         r107: unknown <UnknownUnsized> <- ArithK(Add, r43, 256)
  (  2)  r108: unknown <UnknownUnsized> <- LoadMem { addr: r107, size: 8 }
         r112: unknown <UnknownUnsized> <- IsZero(r108)
         r117: unknown <UnknownUnsized> <- SetJumpCondition(r112)
.B1:    ;; preds:B0  → Conditional { pos: Block(BlockID(4)), neg: Block(BlockID(2)) }.
  (  2)  r121: unknown <UnknownUnsized> <- LoadMem { addr: r43, size: 8 }
         r124: unknown <UnknownUnsized> <- ArithK(Add, r121, 8)
  (  3)  r125: unknown <UnknownUnsized> <- LoadMem { addr: r124, size: 8 }
         r129: unknown <UnknownUnsized> <- IsZero(r125)
         r134: unknown <UnknownUnsized> <- SetJumpCondition(r129)
         r581: unknown <UnknownUnsized> <- Upsilon { value: r121, phi_ref: r569 }
.B2:    ;; preds:B1  → Always(Block(BlockID(3))).
         r136: unknown <UnknownUnsized> <- CArg { value: r17, next_arg: None }
         r137: unknown <UnknownUnsized> <- CArg { value: r125, next_arg: Some(r136) }
         r138: unknown <UnknownUnsized> <- CArg { value: r87, next_arg: Some(r137) }
         r139: unknown <UnknownUnsized> <- CArg { value: r108, next_arg: Some(r138) }
         r140: unknown <UnknownUnsized> <- Call { callee: r125, first_arg: Some(r139) }
         r151: unknown <UnknownUnsized> <- Const { value: 0, size: 8 }
         r153: unknown <UnknownUnsized> <- ArithK(Add, r43, 256)
         r154: unknown <UnknownUnsized> <- StoreMem { addr: r153, value: r151 }
.B3:    ;; preds:B0,B2  → Conditional { pos: Block(BlockID(6)), neg: Block(BlockID(4)) }.
  (  2)  r157: unknown <UnknownUnsized> <- LoadMem { addr: r43, size: 8 }
         r161: unknown <UnknownUnsized> <- IsZero(r157)
         r166: unknown <UnknownUnsized> <- SetJumpCondition(r161)
         r580: unknown <UnknownUnsized> <- Upsilon { value: r157, phi_ref: r569 }
.B4:    ;; preds:B1,B3  → Conditional { pos: Block(BlockID(6)), neg: Block(BlockID(5)) }.
         r569: unknown <UnknownUnsized> <- Phi
  (  2)  r170: unknown <UnknownUnsized> <- LoadMem { addr: r569, size: 8 }
         r174: unknown <UnknownUnsized> <- IsZero(r170)
         r179: unknown <UnknownUnsized> <- SetJumpCondition(r174)
.B5:    ;; preds:B4  → Always(Block(BlockID(6))).
         r182: unknown <UnknownUnsized> <- CArg { value: r17, next_arg: None }
         r183: unknown <UnknownUnsized> <- CArg { value: r71, next_arg: Some(r182) }
         r184: unknown <UnknownUnsized> <- CArg { value: r87, next_arg: Some(r183) }
         r185: unknown <UnknownUnsized> <- CArg { value: r43, next_arg: Some(r184) }
         r186: unknown <UnknownUnsized> <- Call { callee: r170, first_arg: Some(r185) }
.B6:    ;; preds:B3,B4,B5  → Conditional { pos: Block(BlockID(18)), neg: Block(BlockID(7)) }.
         r198: unknown <UnknownUnsized> <- ArithK(Add, r43, 152)
         r199: unknown <UnknownUnsized> <- LoadMem { addr: r198, size: 8 }
         r201: hi_sdsfree <Regular(3673758)> <- Const { value: 5857392, size: 8 }
         r204: unknown <UnknownUnsized> <- CArg { value: r199, next_arg: None }
         r205: unknown <UnknownUnsized> <- Call { callee: r201, first_arg: Some(r204) }
         r216: unknown <UnknownUnsized> <- ArithK(Add, r43, 160)
         r217: unknown <UnknownUnsized> <- LoadMem { addr: r216, size: 8 }
         r219: redisReaderFree <Regular(3673546)> <- Const { value: 5871760, size: 8 }
         r222: unknown <UnknownUnsized> <- CArg { value: r217, next_arg: None }
         r223: unknown <UnknownUnsized> <- Call { callee: r219, first_arg: Some(r222) }
         r233: hi_sdsempty <Regular(3673976)> <- Const { value: 5857232, size: 8 }
         r234: unknown <UnknownUnsized> <- Call { callee: r233, first_arg: None }
         r246: unknown <UnknownUnsized> <- ArithK(Add, r43, 152)
         r247: unknown <UnknownUnsized> <- StoreMem { addr: r246, value: r234 }
         r248: redisReaderCreate <Regular(3679649)> <- Const { value: 5852912, size: 8 }
  (  2)  r249: unknown <UnknownUnsized> <- Call { callee: r248, first_arg: None }
         r261: unknown <UnknownUnsized> <- ArithK(Add, r43, 152)
         r262: unknown <UnknownUnsized> <- LoadMem { addr: r261, size: 8 }
         r268: unknown <UnknownUnsized> <- IsZero(r262)
         r272: unknown <UnknownUnsized> <- ArithK(Add, r43, 160)
         r273: unknown <UnknownUnsized> <- StoreMem { addr: r272, value: r249 }
         r274: unknown <UnknownUnsized> <- SetJumpCondition(r268)
.B7:    ;; preds:B6  → Conditional { pos: Block(BlockID(18)), neg: Block(BlockID(8)) }.
         r278: unknown <UnknownUnsized> <- IsZero(r249)
         r283: unknown <UnknownUnsized> <- SetJumpCondition(r278)
.B8:    ;; preds:B7  → Conditional { pos: Block(BlockID(16)), neg: Block(BlockID(9)) }.
         r286: unknown <UnknownUnsized> <- ArithK(Add, r43, 168)
  (  2)  r287: unknown <UnknownUnsized> <- LoadMem { addr: r286, size: 4 }
         r294: unknown <UnknownUnsized> <- IsZero(r287)
         r299: unknown <UnknownUnsized> <- SetJumpCondition(r294)
.B9:    ;; preds:B8  → Conditional { pos: Block(BlockID(15)), neg: Block(BlockID(10)) }.
         r303: unknown <UnknownUnsized> <- ArithK(Add, r287, -1)
         r307: unknown <UnknownUnsized> <- IsZero(r303)
         r310: unknown <UnknownUnsized> <- SetJumpCondition(r307)
.B10:    ;; preds:B9  → Always(Block(BlockID(11))).
         r313: unknown <UnknownUnsized> <- ArithK(Add, r12, 7007800)
         r315: unknown <UnknownUnsized> <- Const { value: 2, size: 4 }
         r322: __redisSetError <Regular(3679711)> <- Const { value: 5852656, size: 8 }
         r330: unknown <UnknownUnsized> <- CArg { value: r313, next_arg: None }
         r331: unknown <UnknownUnsized> <- CArg { value: r315, next_arg: Some(r330) }
         r332: unknown <UnknownUnsized> <- CArg { value: r43, next_arg: Some(r331) }
         r333: unknown <UnknownUnsized> <- Call { callee: r322, first_arg: Some(r332) }
.B15:    ;; preds:B9  → Always(Block(BlockID(11))).
         r407: unknown <UnknownUnsized> <- ArithK(Add, r43, 176)
         r408: unknown <UnknownUnsized> <- LoadMem { addr: r407, size: 8 }
         r411: unknown <UnknownUnsized> <- ArithK(Add, r43, 216)
         r412: unknown <UnknownUnsized> <- LoadMem { addr: r411, size: 8 }
         r415: redisContextConnectUnix <Regular(3673440)> <- Const { value: 5845200, size: 8 }
         r422: unknown <UnknownUnsized> <- CArg { value: r408, next_arg: None }
         r423: unknown <UnknownUnsized> <- CArg { value: r412, next_arg: Some(r422) }
         r424: unknown <UnknownUnsized> <- CArg { value: r43, next_arg: Some(r423) }
         r425: unknown <UnknownUnsized> <- Call { callee: r415, first_arg: Some(r424) }
.B16:    ;; preds:B8  → Always(Block(BlockID(11))).
         r441: unknown <UnknownUnsized> <- ArithK(Add, r43, 176)
         r442: unknown <UnknownUnsized> <- LoadMem { addr: r441, size: 8 }
         r445: unknown <UnknownUnsized> <- ArithK(Add, r43, 208)
         r446: unknown <UnknownUnsized> <- LoadMem { addr: r445, size: 4 }
         r451: unknown <UnknownUnsized> <- ArithK(Add, r43, 192)
         r452: unknown <UnknownUnsized> <- LoadMem { addr: r451, size: 8 }
         r455: unknown <UnknownUnsized> <- ArithK(Add, r43, 200)
         r456: unknown <UnknownUnsized> <- LoadMem { addr: r455, size: 8 }
         r458: redisContextConnectBindTcp <Regular(3673472)> <- Const { value: 5845184, size: 8 }
         r470: unknown <UnknownUnsized> <- CArg { value: r456, next_arg: None }
         r471: unknown <UnknownUnsized> <- CArg { value: r442, next_arg: Some(r470) }
         r472: unknown <UnknownUnsized> <- CArg { value: r446, next_arg: Some(r471) }
         r473: unknown <UnknownUnsized> <- CArg { value: r452, next_arg: Some(r472) }
         r474: unknown <UnknownUnsized> <- CArg { value: r43, next_arg: Some(r473) }
         r475: unknown <UnknownUnsized> <- Call { callee: r458, first_arg: Some(r474) }
.B11:    ;; preds:B10,B15,B16  → Conditional { pos: Block(BlockID(14)), neg: Block(BlockID(12)) }.
         r344: unknown <UnknownUnsized> <- ArithK(Add, r43, 184)
         r345: unknown <UnknownUnsized> <- LoadMem { addr: r344, size: 8 }
         r349: unknown <UnknownUnsized> <- IsZero(r345)
         r354: unknown <UnknownUnsized> <- SetJumpCondition(r349)
         r574: unknown <UnknownUnsized> <- Upsilon { value: r48, phi_ref: r570 }
.B12:    ;; preds:B11  → Conditional { pos: Block(BlockID(14)), neg: Block(BlockID(13)) }.
         r357: unknown <UnknownUnsized> <- ArithK(Add, r43, 144)
         r358: unknown <UnknownUnsized> <- LoadMem { addr: r357, size: 1 }
         r360: unknown <UnknownUnsized> <- ArithK(BitAnd, r358, 1)
         r362: unknown <UnknownUnsized> <- IsZero(r360)
         r367: unknown <UnknownUnsized> <- SetJumpCondition(r362)
         r576: unknown <UnknownUnsized> <- Upsilon { value: r48, phi_ref: r570 }
.B13:    ;; preds:B12  → Conditional { pos: Block(BlockID(17)), neg: Block(BlockID(14)) }.
         r370: unknown <UnknownUnsized> <- ArithK(Add, r43, 140)
         r371: unknown <UnknownUnsized> <- LoadMem { addr: r370, size: 4 }
         r373: unknown <UnknownUnsized> <- ArithK(Add, r371, 1)
         r377: unknown <UnknownUnsized> <- IsZero(r373)
         r380: unknown <UnknownUnsized> <- Not(r377)
         r381: unknown <UnknownUnsized> <- SetJumpCondition(r380)
         r578: unknown <UnknownUnsized> <- Upsilon { value: r48, phi_ref: r570 }
.B17:    ;; preds:B13  → Always(Return).
         r499: redisContextSetTimeout <Regular(3673413)> <- Const { value: 5844800, size: 8 }
         r502: unknown <UnknownUnsized> <- CArg { value: r43, next_arg: None }
         r503: unknown <UnknownUnsized> <- Call { callee: r499, first_arg: Some(r502) }
         r534: unknown <UnknownUnsized> <- Part { src: r48, offset: 0, size: 4 }
         r535: unknown <UnknownUnsized> <- SetReturnValue(r534)
.B18:    ;; preds:B6,B7  → Always(Block(BlockID(14))).
         r538: unknown <UnknownUnsized> <- ArithK(Add, r12, 6951854)
         r540: unknown <UnknownUnsized> <- Const { value: 5, size: 4 }
         r544: unknown <UnknownUnsized> <- Const { value: 4294967295, size: 4 }
         r545: unknown <UnknownUnsized> <- Part { src: r48, offset: 4, size: 4 }
         r546: unknown <UnknownUnsized> <- Concat { lo: r544, hi: r545 }
         r547: __redisSetError <Regular(3679711)> <- Const { value: 5852656, size: 8 }
         r555: unknown <UnknownUnsized> <- CArg { value: r538, next_arg: None }
         r556: unknown <UnknownUnsized> <- CArg { value: r540, next_arg: Some(r555) }
         r557: unknown <UnknownUnsized> <- CArg { value: r43, next_arg: Some(r556) }
         r558: unknown <UnknownUnsized> <- Call { callee: r547, first_arg: Some(r557) }
         r572: unknown <UnknownUnsized> <- Upsilon { value: r546, phi_ref: r570 }
.B14:    ;; preds:B11,B12,B13,B18  → Always(Return).
         r570: unknown <UnknownUnsized> <- Phi
         r403: unknown <UnknownUnsized> <- Part { src: r570, offset: 0, size: 4 }
         r404: unknown <UnknownUnsized> <- SetReturnValue(r403)


 --- ast

T0: {
  [pre:RSP - 8]:* := pre:RBP;
  let r48: Bytes(8) = pre:arg0 + 12;
  [pre:RSP - 16]:* := pre:RBX;
  [pre:arg0 + 8]:* := 0;
  strlen(r48);
  let r87: Bytes(8) = pre:RSI[8 .. 4] ++ (pre:RSI[4 .. 0] ^ pre:RSI[4 .. 0]);
  __builtin_memset();
  let r108: Bytes(8) = [pre:arg0 + 256]:8;
  ;
  if IsZero (r108) {
    goto T3
  }
  let r121: Bytes(8) = [pre:arg0]:8;
  let r125: Bytes(8) = [r121 + 8]:8;
  ;
  r569 := [pre:arg0]:8;
  if IsZero (r125) {
    goto T4
  }
  r125(r108,
       r87,
       r125,
       pre:RCX);
  [pre:arg0 + 256]:* := 0;
  goto T3
  T3: {
    let r157: Bytes(8) = [pre:arg0]:8;
    ;
    r569 := [pre:arg0]:8;
    if IsZero (r157) {
      goto T6
    }
    goto T4
  }
  
  T4: {
    let mut r569: Bytes(8);
    let r170: Bytes(8) = [r569]:8;
    ;
    if IsZero (r170) {
      goto T6
    }
    r170(pre:arg0,
         r87,
         strlen(r48),
         pre:RCX);
    goto T6
  }
  
  T6: {
    hi_sdsfree([pre:arg0 + 152]:8);
    redisReaderFree([pre:arg0 + 160]:8);
    hi_sdsempty();
    [pre:arg0 + 152]:* := hi_sdsempty();
    let r249: Bytes(8) = redisReaderCreate();
    [pre:arg0 + 160]:* := r249;
    ;
    if IsZero ([pre:arg0 + 152]:8) {
      goto T18
    }
    ;
    if IsZero (r249) {
      goto T18
    }
    let r287: Bytes(4) = [pre:arg0 + 168]:4;
    ;
    if IsZero (r287) {
      redisContextConnectBindTcp(pre:arg0,
                                 [pre:arg0 + 192]:8,
                                 [pre:arg0 + 208]:4,
                                 [pre:arg0 + 176]:8,
                                 [pre:arg0 + 200]:8);
      goto T11
    }
    ;
    if IsZero (r287 - 1) {
      redisContextConnectUnix(pre:arg0,
                              [pre:arg0 + 216]:8,
                              [pre:arg0 + 176]:8);
      goto T11
    }
    __redisSetError(pre:arg0,
                    2,
                    (pre:RIP + 7007800));
    goto T11
    T11: {
      ;
      r570 := pre:arg0 + 12;
      if IsZero ([pre:arg0 + 184]:8) {
        goto T14
      }
      ;
      r570 := pre:arg0 + 12;
      if IsZero ([pre:arg0 + 144]:1 & 1) {
        goto T14
      }
      ;
      r570 := pre:arg0 + 12;
      if ! IsZero ([pre:arg0 + 140]:4 + 1) {
        redisContextSetTimeout(pre:arg0);
        ;
        return r48[4 .. 0]
      }
      goto T14
    }
    
    T14: {
      let mut r570: Bytes(8);
      ;
      return r570[4 .. 0]
    }
    
    T18: {
      __redisSetError(pre:arg0,
                      5,
                      (pre:RIP + 6951854));
      r570 := r48[8 .. 4] ++ 4294967295;
      goto T14
    }
  
  }

}
